<?xml version="1.0" encoding="ISO-8859-1" ?>
<link_info>
   <banner>TMS320C2000 Linker PC v22.6.0.LTS</banner>
   <copyright>Copyright (c) 1996-2018 Texas Instruments Incorporated</copyright>
   <link_time>0x658ae361</link_time>
   <link_errors>0x1</link_errors>
   <output_file>Battery_Management_System.out</output_file>
   <entry_point>
      <name>code_start</name>
      <address>0x0</address>
   </entry_point>
   <input_file_list>
      <input_file id="fl-2">
         <path>.\syscfg\</path>
         <kind>object</kind>
         <file>board.obj</file>
         <name>board.obj</name>
      </input_file>
      <input_file id="fl-3">
         <path>.\syscfg\</path>
         <kind>object</kind>
         <file>c2000ware_libraries.obj</file>
         <name>c2000ware_libraries.obj</name>
      </input_file>
      <input_file id="fl-4">
         <path>.\</path>
         <kind>object</kind>
         <file>main.obj</file>
         <name>main.obj</name>
      </input_file>
      <input_file id="fl-5">
         <path>.\App\src\</path>
         <kind>object</kind>
         <file>app.obj</file>
         <name>app.obj</name>
      </input_file>
      <input_file id="fl-6">
         <path>.\device\</path>
         <kind>object</kind>
         <file>device.obj</file>
         <name>device.obj</name>
      </input_file>
      <input_file id="fl-7">
         <path>.\device\</path>
         <kind>object</kind>
         <file>f28002x_codestartbranch.obj</file>
         <name>f28002x_codestartbranch.obj</name>
      </input_file>
      <input_file id="fl-8">
         <path>.\drivers\src\</path>
         <kind>object</kind>
         <file>HW_AD7171.obj</file>
         <name>HW_AD7171.obj</name>
      </input_file>
      <input_file id="fl-9">
         <path>.\drivers\src\</path>
         <kind>object</kind>
         <file>HW_BQ79616-Q1.obj</file>
         <name>HW_BQ79616-Q1.obj</name>
      </input_file>
      <input_file id="fl-a">
         <path>.\drivers\src\</path>
         <kind>object</kind>
         <file>HW_BTS712204ESAXUMA1.obj</file>
         <name>HW_BTS712204ESAXUMA1.obj</name>
      </input_file>
      <input_file id="fl-b">
         <path>.\drivers\src\</path>
         <kind>object</kind>
         <file>HW_IS25LP256D-JLLA3.obj</file>
         <name>HW_IS25LP256D-JLLA3.obj</name>
      </input_file>
      <input_file id="fl-c">
         <path>.\drivers\src\</path>
         <kind>object</kind>
         <file>HW_PCA85073ADP.obj</file>
         <name>HW_PCA85073ADP.obj</name>
      </input_file>
      <input_file id="fl-d">
         <path>.\middleware\src\</path>
         <kind>object</kind>
         <file>MW_AD7171.obj</file>
         <name>MW_AD7171.obj</name>
      </input_file>
      <input_file id="fl-e">
         <path>.\middleware\src\</path>
         <kind>object</kind>
         <file>MW_BTS712204ESAXUMA1.obj</file>
         <name>MW_BTS712204ESAXUMA1.obj</name>
      </input_file>
      <input_file id="fl-f">
         <path>.\middleware\src\</path>
         <kind>object</kind>
         <file>MW_PCA85073ADP.obj</file>
         <name>MW_PCA85073ADP.obj</name>
      </input_file>
      <input_file id="fl-15">
         <kind>object</kind>
         <file>&lt;internal&gt;</file>
         <name>&lt;internal&gt;</name>
      </input_file>
      <input_file id="fl-16">
         <path>C:\ti\C2000Ware_5_00_00_00\driverlib\f28002x\driverlib\ccs\Debug\</path>
         <kind>archive</kind>
         <file>driverlib.lib</file>
         <name>adc.obj</name>
      </input_file>
      <input_file id="fl-17">
         <path>C:\ti\C2000Ware_5_00_00_00\driverlib\f28002x\driverlib\ccs\Debug\</path>
         <kind>archive</kind>
         <file>driverlib.lib</file>
         <name>can.obj</name>
      </input_file>
      <input_file id="fl-18">
         <path>C:\ti\C2000Ware_5_00_00_00\driverlib\f28002x\driverlib\ccs\Debug\</path>
         <kind>archive</kind>
         <file>driverlib.lib</file>
         <name>cputimer.obj</name>
      </input_file>
      <input_file id="fl-19">
         <path>C:\ti\C2000Ware_5_00_00_00\driverlib\f28002x\driverlib\ccs\Debug\</path>
         <kind>archive</kind>
         <file>driverlib.lib</file>
         <name>dcc.obj</name>
      </input_file>
      <input_file id="fl-1a">
         <path>C:\ti\C2000Ware_5_00_00_00\driverlib\f28002x\driverlib\ccs\Debug\</path>
         <kind>archive</kind>
         <file>driverlib.lib</file>
         <name>gpio.obj</name>
      </input_file>
      <input_file id="fl-1b">
         <path>C:\ti\C2000Ware_5_00_00_00\driverlib\f28002x\driverlib\ccs\Debug\</path>
         <kind>archive</kind>
         <file>driverlib.lib</file>
         <name>i2c.obj</name>
      </input_file>
      <input_file id="fl-1c">
         <path>C:\ti\C2000Ware_5_00_00_00\driverlib\f28002x\driverlib\ccs\Debug\</path>
         <kind>archive</kind>
         <file>driverlib.lib</file>
         <name>interrupt.obj</name>
      </input_file>
      <input_file id="fl-1d">
         <path>C:\ti\C2000Ware_5_00_00_00\driverlib\f28002x\driverlib\ccs\Debug\</path>
         <kind>archive</kind>
         <file>driverlib.lib</file>
         <name>spi.obj</name>
      </input_file>
      <input_file id="fl-1e">
         <path>C:\ti\C2000Ware_5_00_00_00\driverlib\f28002x\driverlib\ccs\Debug\</path>
         <kind>archive</kind>
         <file>driverlib.lib</file>
         <name>sysctl.obj</name>
      </input_file>
      <input_file id="fl-2a">
         <path>C:\ti\ccs1230\ccs\tools\compiler\ti-cgt-c2000_22.6.0.LTS\lib\</path>
         <kind>archive</kind>
         <file>rts2800_fpu32_eabi.lib</file>
         <name>boot28.asm.obj</name>
      </input_file>
      <input_file id="fl-2b">
         <path>C:\ti\ccs1230\ccs\tools\compiler\ti-cgt-c2000_22.6.0.LTS\lib\</path>
         <kind>archive</kind>
         <file>rts2800_fpu32_eabi.lib</file>
         <name>fd_add28.asm.obj</name>
      </input_file>
      <input_file id="fl-2c">
         <path>C:\ti\ccs1230\ccs\tools\compiler\ti-cgt-c2000_22.6.0.LTS\lib\</path>
         <kind>archive</kind>
         <file>rts2800_fpu32_eabi.lib</file>
         <name>fd_cmp28.asm.obj</name>
      </input_file>
      <input_file id="fl-2d">
         <path>C:\ti\ccs1230\ccs\tools\compiler\ti-cgt-c2000_22.6.0.LTS\lib\</path>
         <kind>archive</kind>
         <file>rts2800_fpu32_eabi.lib</file>
         <name>fd_mpy28.asm.obj</name>
      </input_file>
      <input_file id="fl-2e">
         <path>C:\ti\ccs1230\ccs\tools\compiler\ti-cgt-c2000_22.6.0.LTS\lib\</path>
         <kind>archive</kind>
         <file>rts2800_fpu32_eabi.lib</file>
         <name>fs_div28.asm.obj</name>
      </input_file>
      <input_file id="fl-2f">
         <path>C:\ti\ccs1230\ccs\tools\compiler\ti-cgt-c2000_22.6.0.LTS\lib\</path>
         <kind>archive</kind>
         <file>rts2800_fpu32_eabi.lib</file>
         <name>fs_tofdfpu32.asm.obj</name>
      </input_file>
      <input_file id="fl-30">
         <path>C:\ti\ccs1230\ccs\tools\compiler\ti-cgt-c2000_22.6.0.LTS\lib\</path>
         <kind>archive</kind>
         <file>rts2800_fpu32_eabi.lib</file>
         <name>fd_tofsfpu32.asm.obj</name>
      </input_file>
      <input_file id="fl-31">
         <path>C:\ti\ccs1230\ccs\tools\compiler\ti-cgt-c2000_22.6.0.LTS\lib\</path>
         <kind>archive</kind>
         <file>rts2800_fpu32_eabi.lib</file>
         <name>pre_init.c.obj</name>
      </input_file>
      <input_file id="fl-32">
         <path>C:\ti\ccs1230\ccs\tools\compiler\ti-cgt-c2000_22.6.0.LTS\lib\</path>
         <kind>archive</kind>
         <file>rts2800_fpu32_eabi.lib</file>
         <name>autoinit.c.obj</name>
      </input_file>
      <input_file id="fl-33">
         <path>C:\ti\ccs1230\ccs\tools\compiler\ti-cgt-c2000_22.6.0.LTS\lib\</path>
         <kind>archive</kind>
         <file>rts2800_fpu32_eabi.lib</file>
         <name>copy_zero_init.c.obj</name>
      </input_file>
      <input_file id="fl-34">
         <path>C:\ti\ccs1230\ccs\tools\compiler\ti-cgt-c2000_22.6.0.LTS\lib\</path>
         <kind>archive</kind>
         <file>rts2800_fpu32_eabi.lib</file>
         <name>copy_decompress_none.c.obj</name>
      </input_file>
      <input_file id="fl-35">
         <path>C:\ti\ccs1230\ccs\tools\compiler\ti-cgt-c2000_22.6.0.LTS\lib\</path>
         <kind>archive</kind>
         <file>rts2800_fpu32_eabi.lib</file>
         <name>copy_decompress_lzss.c.obj</name>
      </input_file>
      <input_file id="fl-36">
         <path>C:\ti\ccs1230\ccs\tools\compiler\ti-cgt-c2000_22.6.0.LTS\lib\</path>
         <kind>archive</kind>
         <file>rts2800_fpu32_eabi.lib</file>
         <name>exit.c.obj</name>
      </input_file>
      <input_file id="fl-37">
         <path>C:\ti\ccs1230\ccs\tools\compiler\ti-cgt-c2000_22.6.0.LTS\lib\</path>
         <kind>archive</kind>
         <file>rts2800_fpu32_eabi.lib</file>
         <name>_lock.c.obj</name>
      </input_file>
      <input_file id="fl-38">
         <path>C:\ti\ccs1230\ccs\tools\compiler\ti-cgt-c2000_22.6.0.LTS\lib\</path>
         <kind>archive</kind>
         <file>rts2800_fpu32_eabi.lib</file>
         <name>args_main.c.obj</name>
      </input_file>
      <input_file id="fl-39">
         <path>C:\ti\ccs1230\ccs\tools\compiler\ti-cgt-c2000_22.6.0.LTS\lib\</path>
         <kind>archive</kind>
         <file>rts2800_fpu32_eabi.lib</file>
         <name>memset.c.obj</name>
      </input_file>
      <input_file id="fl-3a">
         <path>C:\ti\ccs1230\ccs\tools\compiler\ti-cgt-c2000_22.6.0.LTS\lib\</path>
         <kind>archive</kind>
         <file>rts2800_fpu32_eabi.lib</file>
         <name>cpy_tbl.c.obj</name>
      </input_file>
      <input_file id="fl-3b">
         <path>C:\ti\ccs1230\ccs\tools\compiler\ti-cgt-c2000_22.6.0.LTS\lib\</path>
         <kind>archive</kind>
         <file>rts2800_fpu32_eabi.lib</file>
         <name>memcpy.c.obj</name>
      </input_file>
      <input_file id="fl-3c">
         <path>C:\ti\ccs1230\ccs\tools\compiler\ti-cgt-c2000_22.6.0.LTS\lib\</path>
         <kind>archive</kind>
         <file>rts2800_fpu32_eabi.lib</file>
         <name>startup.c.obj</name>
      </input_file>
   </input_file_list>
   <object_component_list>
      <object_component id="oc-13b">
         <name>.text:SysCtl_setClock</name>
         <load_address>0xa000</load_address>
         <run_address>0xa000</run_address>
         <size>0x120</size>
         <input_file_ref idref="fl-1e"/>
      </object_component>
      <object_component id="oc-205">
         <name>.text:SysCtl_isPLLValid</name>
         <load_address>0xa120</load_address>
         <run_address>0xa120</run_address>
         <size>0xfe</size>
         <input_file_ref idref="fl-1e"/>
      </object_component>
      <object_component id="oc-37f">
         <name>.text:CAN_setupMessageObject</name>
         <load_address>0xa21e</load_address>
         <run_address>0xa21e</run_address>
         <size>0xdb</size>
         <input_file_ref idref="fl-17"/>
      </object_component>
      <object_component id="oc-160">
         <name>.text:Device_enableAllPeripherals</name>
         <load_address>0xa2f9</load_address>
         <run_address>0xa2f9</run_address>
         <size>0x9a</size>
         <input_file_ref idref="fl-6"/>
      </object_component>
      <object_component id="oc-2ce">
         <name>.text</name>
         <load_address>0xa393</load_address>
         <run_address>0xa393</run_address>
         <size>0x88</size>
         <input_file_ref idref="fl-2e"/>
      </object_component>
      <object_component id="oc-529">
         <name>.text</name>
         <load_address>0xa41b</load_address>
         <run_address>0xa41b</run_address>
         <size>0x83</size>
         <input_file_ref idref="fl-2d"/>
      </object_component>
      <object_component id="oc-17c">
         <name>.text:PinMux_init</name>
         <load_address>0xa49e</load_address>
         <run_address>0xa49e</run_address>
         <size>0x81</size>
         <input_file_ref idref="fl-2"/>
      </object_component>
      <object_component id="oc-303">
         <name>.text:DCC_setCounterSeeds</name>
         <load_address>0xa51f</load_address>
         <run_address>0xa51f</run_address>
         <size>0x73</size>
         <input_file_ref idref="fl-1e"/>
      </object_component>
      <object_component id="oc-1bc">
         <name>.text:CAN_readMessage</name>
         <load_address>0xa592</load_address>
         <run_address>0xa592</run_address>
         <size>0x66</size>
         <input_file_ref idref="fl-17"/>
      </object_component>
      <object_component id="oc-147">
         <name>.text:SysCtl_getClock</name>
         <load_address>0xa5f8</load_address>
         <run_address>0xa5f8</run_address>
         <size>0x65</size>
         <input_file_ref idref="fl-1e"/>
      </object_component>
      <object_component id="oc-379">
         <name>.text:CAN_setBitTiming</name>
         <load_address>0xa65d</load_address>
         <run_address>0xa65d</run_address>
         <size>0x64</size>
         <input_file_ref idref="fl-17"/>
      </object_component>
      <object_component id="oc-3cd">
         <name>.text:I2C_initController</name>
         <load_address>0xa6c1</load_address>
         <run_address>0xa6c1</run_address>
         <size>0x64</size>
         <input_file_ref idref="fl-1b"/>
      </object_component>
      <object_component id="oc-410">
         <name>.text:SPI_setConfig</name>
         <load_address>0xa725</load_address>
         <run_address>0xa725</run_address>
         <size>0x5c</size>
         <input_file_ref idref="fl-1d"/>
      </object_component>
      <object_component id="oc-22b">
         <name>.text:GPIO_setPadConfig</name>
         <load_address>0xa781</load_address>
         <run_address>0xa781</run_address>
         <size>0x52</size>
         <input_file_ref idref="fl-1a"/>
      </object_component>
      <object_component id="oc-45a">
         <name>.text:BTS71220_readChannelCurrent</name>
         <load_address>0xa7d3</load_address>
         <run_address>0xa7d3</run_address>
         <size>0x50</size>
         <input_file_ref idref="fl-e"/>
      </object_component>
      <object_component id="oc-24b">
         <name>.text:myADC0_init</name>
         <load_address>0xa823</load_address>
         <run_address>0xa823</run_address>
         <size>0x48</size>
         <input_file_ref idref="fl-2"/>
      </object_component>
      <object_component id="oc-225">
         <name>.text:GPIO_setAnalogMode</name>
         <load_address>0xa86b</load_address>
         <run_address>0xa86b</run_address>
         <size>0x46</size>
         <input_file_ref idref="fl-1a"/>
      </object_component>
      <object_component id="oc-46c">
         <name>.text:SysCtl_pollX1Counter</name>
         <load_address>0xa8b1</load_address>
         <run_address>0xa8b1</run_address>
         <size>0x45</size>
         <input_file_ref idref="fl-1e"/>
      </object_component>
      <object_component id="oc-500">
         <name>.text:GPIO_writePin</name>
         <load_address>0xa8f6</load_address>
         <run_address>0xa8f6</run_address>
         <size>0x44</size>
         <input_file_ref idref="fl-a"/>
      </object_component>
      <object_component id="oc-3b7">
         <name>.text:GPIO_writePin</name>
         <load_address>0xa93a</load_address>
         <run_address>0xa93a</run_address>
         <size>0x44</size>
         <input_file_ref idref="fl-2"/>
      </object_component>
      <object_component id="oc-1f9">
         <name>.text:SysCtl_selectOscSource</name>
         <load_address>0xa97e</load_address>
         <run_address>0xa97e</run_address>
         <size>0x42</size>
         <input_file_ref idref="fl-1e"/>
      </object_component>
      <object_component id="oc-279">
         <name>.text:myI2C0_init</name>
         <load_address>0xa9c0</load_address>
         <run_address>0xa9c0</run_address>
         <size>0x40</size>
         <input_file_ref idref="fl-2"/>
      </object_component>
      <object_component id="oc-cb">
         <name>.text:main</name>
         <load_address>0xaa00</load_address>
         <run_address>0xaa00</run_address>
         <size>0x3e</size>
         <input_file_ref idref="fl-4"/>
      </object_component>
      <object_component id="oc-ff">
         <name>.text:Interrupt_initModule</name>
         <load_address>0xaa3e</load_address>
         <run_address>0xaa3e</run_address>
         <size>0x3d</size>
         <input_file_ref idref="fl-1c"/>
      </object_component>
      <object_component id="oc-2c0">
         <name>.text:SysCtl_selectXTAL</name>
         <load_address>0xaa7b</load_address>
         <run_address>0xaa7b</run_address>
         <size>0x3d</size>
         <input_file_ref idref="fl-1e"/>
      </object_component>
      <object_component id="oc-2b4">
         <name>.text:BTS71220_loadCurrentCheck</name>
         <load_address>0xaab8</load_address>
         <run_address>0xaab8</run_address>
         <size>0x3c</size>
         <input_file_ref idref="fl-e"/>
      </object_component>
      <object_component id="oc-252">
         <name>.text:myCAN0_init</name>
         <load_address>0xaaf4</load_address>
         <run_address>0xaaf4</run_address>
         <size>0x3b</size>
         <input_file_ref idref="fl-2"/>
      </object_component>
      <object_component id="oc-21f">
         <name>.text:GPIO_setPinConfig</name>
         <load_address>0xab2f</load_address>
         <run_address>0xab2f</run_address>
         <size>0x37</size>
         <input_file_ref idref="fl-1a"/>
      </object_component>
      <object_component id="oc-231">
         <name>.text:GPIO_setQualificationMode</name>
         <load_address>0xab66</load_address>
         <run_address>0xab66</run_address>
         <size>0x37</size>
         <input_file_ref idref="fl-1a"/>
      </object_component>
      <object_component id="oc-34e">
         <name>.text:ADC_setupSOC</name>
         <load_address>0xab9d</load_address>
         <run_address>0xab9d</run_address>
         <size>0x36</size>
         <input_file_ref idref="fl-2"/>
      </object_component>
      <object_component id="oc-f3">
         <name>.text:Device_init</name>
         <load_address>0xabd3</load_address>
         <run_address>0xabd3</run_address>
         <size>0x36</size>
         <input_file_ref idref="fl-6"/>
      </object_component>
      <object_component id="oc-3bd">
         <name>.text:GPIO_setDirectionMode</name>
         <load_address>0xac09</load_address>
         <run_address>0xac09</run_address>
         <size>0x31</size>
         <input_file_ref idref="fl-1a"/>
      </object_component>
      <object_component id="oc-10f">
         <name>.text:get_modeMessage</name>
         <load_address>0xac3a</load_address>
         <run_address>0xac3a</run_address>
         <size>0x30</size>
         <input_file_ref idref="fl-5"/>
      </object_component>
      <object_component id="oc-35a">
         <name>.text:ADC_setInterruptSource</name>
         <load_address>0xac6a</load_address>
         <run_address>0xac6a</run_address>
         <size>0x2f</size>
         <input_file_ref idref="fl-2"/>
      </object_component>
      <object_component id="oc-506">
         <name>.text:SPI_pollingNonFIFOTransaction</name>
         <load_address>0xac99</load_address>
         <run_address>0xac99</run_address>
         <size>0x2f</size>
         <input_file_ref idref="fl-1d"/>
      </object_component>
      <object_component id="oc-354">
         <name>.text:ADC_setInterruptSOCTrigger</name>
         <load_address>0xacc8</load_address>
         <run_address>0xacc8</run_address>
         <size>0x2e</size>
         <input_file_ref idref="fl-2"/>
      </object_component>
      <object_component id="oc-14">
         <name>.text:decompress:lzss</name>
         <load_address>0xacf6</load_address>
         <run_address>0xacf6</run_address>
         <size>0x2e</size>
         <input_file_ref idref="fl-35"/>
      </object_component>
      <object_component id="oc-280">
         <name>.text:mySPI0_init</name>
         <load_address>0xad24</load_address>
         <run_address>0xad24</run_address>
         <size>0x2d</size>
         <input_file_ref idref="fl-2"/>
      </object_component>
      <object_component id="oc-9b">
         <name>.text:__TI_auto_init_nobinit_nopinit</name>
         <load_address>0xad51</load_address>
         <run_address>0xad51</run_address>
         <size>0x2b</size>
         <input_file_ref idref="fl-32"/>
      </object_component>
      <object_component id="oc-466">
         <name>.text</name>
         <load_address>0xad7c</load_address>
         <run_address>0xad7c</run_address>
         <size>0x2a</size>
         <input_file_ref idref="fl-2c"/>
      </object_component>
      <object_component id="oc-8f">
         <name>.text</name>
         <load_address>0xada6</load_address>
         <run_address>0xada6</run_address>
         <size>0x29</size>
         <input_file_ref idref="fl-36"/>
      </object_component>
      <object_component id="oc-115">
         <name>.text:setMode</name>
         <load_address>0xadcf</load_address>
         <run_address>0xadcf</run_address>
         <size>0x26</size>
         <input_file_ref idref="fl-5"/>
      </object_component>
      <object_component id="oc-446">
         <name>.text:BTS71220_setMultiplexerConfig</name>
         <load_address>0xadf5</load_address>
         <run_address>0xadf5</run_address>
         <size>0x25</size>
         <input_file_ref idref="fl-a"/>
      </object_component>
      <object_component id="oc-259">
         <name>.text:myCPUTIMER0_init</name>
         <load_address>0xae1a</load_address>
         <run_address>0xae1a</run_address>
         <size>0x25</size>
         <input_file_ref idref="fl-2"/>
      </object_component>
      <object_component id="oc-309">
         <name>.text:DCC_enableSingleShotMode</name>
         <load_address>0xae3f</load_address>
         <run_address>0xae3f</run_address>
         <size>0x24</size>
         <input_file_ref idref="fl-1e"/>
      </object_component>
      <object_component id="oc-52e">
         <name>.text</name>
         <load_address>0xae63</load_address>
         <run_address>0xae63</run_address>
         <size>0x23</size>
         <input_file_ref idref="fl-30"/>
      </object_component>
      <object_component id="oc-366">
         <name>.text:ADC_disableContinuousMode</name>
         <load_address>0xae86</load_address>
         <run_address>0xae86</run_address>
         <size>0x21</size>
         <input_file_ref idref="fl-2"/>
      </object_component>
      <object_component id="oc-44c">
         <name>.text:BTS71220_readRegisters</name>
         <load_address>0xaea7</load_address>
         <run_address>0xaea7</run_address>
         <size>0x21</size>
         <input_file_ref idref="fl-a"/>
      </object_component>
      <object_component id="oc-36c">
         <name>.text:ADC_enableInterrupt</name>
         <load_address>0xaec8</load_address>
         <run_address>0xaec8</run_address>
         <size>0x20</size>
         <input_file_ref idref="fl-2"/>
      </object_component>
      <object_component id="oc-32a">
         <name>.text:ADC_setOffsetTrimAll</name>
         <load_address>0xaee8</load_address>
         <run_address>0xaee8</run_address>
         <size>0x20</size>
         <input_file_ref idref="fl-16"/>
      </object_component>
      <object_component id="oc-2ae">
         <name>.text:BTS71220_channelOutputConfig</name>
         <load_address>0xaf08</load_address>
         <run_address>0xaf08</run_address>
         <size>0x20</size>
         <input_file_ref idref="fl-a"/>
      </object_component>
      <object_component id="oc-2c6">
         <name>.text:SysCtl_selectXTALSingleEnded</name>
         <load_address>0xaf28</load_address>
         <run_address>0xaf28</run_address>
         <size>0x20</size>
         <input_file_ref idref="fl-1e"/>
      </object_component>
      <object_component id="oc-348">
         <name>.text:ADC_setSOCPriority</name>
         <load_address>0xaf48</load_address>
         <run_address>0xaf48</run_address>
         <size>0x1e</size>
         <input_file_ref idref="fl-2"/>
      </object_component>
      <object_component id="oc-2f7">
         <name>.text:DCC_setCounter0ClkSource</name>
         <load_address>0xaf66</load_address>
         <run_address>0xaf66</run_address>
         <size>0x1e</size>
         <input_file_ref idref="fl-1e"/>
      </object_component>
      <object_component id="oc-2fd">
         <name>.text:DCC_setCounter1ClkSource</name>
         <load_address>0xaf84</load_address>
         <run_address>0xaf84</run_address>
         <size>0x1e</size>
         <input_file_ref idref="fl-1e"/>
      </object_component>
      <object_component id="oc-28">
         <name>.text:Interrupt_initVectorTable</name>
         <load_address>0xafa2</load_address>
         <run_address>0xafa2</run_address>
         <size>0x1e</size>
         <input_file_ref idref="fl-1c"/>
      </object_component>
      <object_component id="oc-517">
         <name>.text:ADC_getInterruptStatus</name>
         <load_address>0xafc0</load_address>
         <run_address>0xafc0</run_address>
         <size>0x1d</size>
         <input_file_ref idref="fl-e"/>
      </object_component>
      <object_component id="oc-41">
         <name>.text</name>
         <load_address>0xafdd</load_address>
         <run_address>0xafdd</run_address>
         <size>0x1d</size>
         <input_file_ref idref="fl-3b"/>
      </object_component>
      <object_component id="oc-452">
         <name>.text:BTS71220_writeRegisters</name>
         <load_address>0xaffa</load_address>
         <run_address>0xaffa</run_address>
         <size>0x1c</size>
         <input_file_ref idref="fl-a"/>
      </object_component>
      <object_component id="oc-373">
         <name>.text:CAN_initModule</name>
         <load_address>0xb016</load_address>
         <run_address>0xb016</run_address>
         <size>0x1c</size>
         <input_file_ref idref="fl-17"/>
      </object_component>
      <object_component id="oc-557">
         <name>.text:SPI_setcharLength</name>
         <load_address>0xb032</load_address>
         <run_address>0xb032</run_address>
         <size>0x1c</size>
         <input_file_ref idref="fl-1d"/>
      </object_component>
      <object_component id="oc-460">
         <name>.text</name>
         <load_address>0xb04e</load_address>
         <run_address>0xb04e</run_address>
         <size>0x1c</size>
         <input_file_ref idref="fl-2f"/>
      </object_component>
      <object_component id="oc-299">
         <name>.text:CAN_readDataReg</name>
         <load_address>0xb06a</load_address>
         <run_address>0xb06a</run_address>
         <size>0x1b</size>
         <input_file_ref idref="fl-17"/>
      </object_component>
      <object_component id="oc-3d9">
         <name>.text:I2C_setTargetAddress</name>
         <load_address>0xb085</load_address>
         <run_address>0xb085</run_address>
         <size>0x1b</size>
         <input_file_ref idref="fl-2"/>
      </object_component>
      <object_component id="oc-244">
         <name>.text:ASysCtl_setAnalogReference1P65</name>
         <load_address>0xb0a0</load_address>
         <run_address>0xb0a0</run_address>
         <size>0x1a</size>
         <input_file_ref idref="fl-2"/>
      </object_component>
      <object_component id="oc-4a3">
         <name>.text:CAN_initRAM</name>
         <load_address>0xb0ba</load_address>
         <run_address>0xb0ba</run_address>
         <size>0x1a</size>
         <input_file_ref idref="fl-17"/>
      </object_component>
      <object_component id="oc-3b0">
         <name>.text:CPUTimer_startTimer</name>
         <load_address>0xb0d4</load_address>
         <run_address>0xb0d4</run_address>
         <size>0x1a</size>
         <input_file_ref idref="fl-2"/>
      </object_component>
      <object_component id="oc-3f1">
         <name>.text:I2C_setAddressMode</name>
         <load_address>0xb0ee</load_address>
         <run_address>0xb0ee</run_address>
         <size>0x1a</size>
         <input_file_ref idref="fl-2"/>
      </object_component>
      <object_component id="oc-3e5">
         <name>.text:I2C_setBitCount</name>
         <load_address>0xb108</load_address>
         <run_address>0xb108</run_address>
         <size>0x1a</size>
         <input_file_ref idref="fl-2"/>
      </object_component>
      <object_component id="oc-3d3">
         <name>.text:I2C_setConfig</name>
         <load_address>0xb122</load_address>
         <run_address>0xb122</run_address>
         <size>0x1a</size>
         <input_file_ref idref="fl-2"/>
      </object_component>
      <object_component id="oc-3fd">
         <name>.text:I2C_setEmulationMode</name>
         <load_address>0xb13c</load_address>
         <run_address>0xb13c</run_address>
         <size>0x1a</size>
         <input_file_ref idref="fl-2"/>
      </object_component>
      <object_component id="oc-428">
         <name>.text:SPI_setEmulationMode</name>
         <load_address>0xb156</load_address>
         <run_address>0xb156</run_address>
         <size>0x1a</size>
         <input_file_ref idref="fl-2"/>
      </object_component>
      <object_component id="oc-416">
         <name>.text:SPI_setPTESignalPolarity</name>
         <load_address>0xb170</load_address>
         <run_address>0xb170</run_address>
         <size>0x1a</size>
         <input_file_ref idref="fl-2"/>
      </object_component>
      <object_component id="oc-154">
         <name>.text:SysCtl_getLowSpeedClock</name>
         <load_address>0xb18a</load_address>
         <run_address>0xb18a</run_address>
         <size>0x1a</size>
         <input_file_ref idref="fl-1e"/>
      </object_component>
      <object_component id="oc-23e">
         <name>.text:ASysCtl_setAnalogReferenceInternal</name>
         <load_address>0xb1a4</load_address>
         <run_address>0xb1a4</run_address>
         <size>0x18</size>
         <input_file_ref idref="fl-2"/>
      </object_component>
      <object_component id="oc-3f7">
         <name>.text:I2C_enableFIFO</name>
         <load_address>0xb1bc</load_address>
         <run_address>0xb1bc</run_address>
         <size>0x18</size>
         <input_file_ref idref="fl-2"/>
      </object_component>
      <object_component id="oc-41c">
         <name>.text:SPI_disableFIFO</name>
         <load_address>0xb1d4</load_address>
         <run_address>0xb1d4</run_address>
         <size>0x18</size>
         <input_file_ref idref="fl-2"/>
      </object_component>
      <object_component id="oc-1b6">
         <name>.text:calculateElapsedTime</name>
         <load_address>0xb1ec</load_address>
         <run_address>0xb1ec</run_address>
         <size>0x18</size>
         <input_file_ref idref="fl-5"/>
      </object_component>
      <object_component id="oc-511">
         <name>.text:ADC_forceSOC</name>
         <load_address>0xb204</load_address>
         <run_address>0xb204</run_address>
         <size>0x17</size>
         <input_file_ref idref="fl-e"/>
      </object_component>
      <object_component id="oc-435">
         <name>.text:CPUTimer_isBaseValid</name>
         <load_address>0xb21b</load_address>
         <run_address>0xb21b</run_address>
         <size>0x17</size>
         <input_file_ref idref="fl-5"/>
      </object_component>
      <object_component id="oc-4bc">
         <name>.text:CPUTimer_isBaseValid</name>
         <load_address>0xb232</load_address>
         <run_address>0xb232</run_address>
         <size>0x17</size>
         <input_file_ref idref="fl-2"/>
      </object_component>
      <object_component id="oc-4b3">
         <name>.text:CPUTimer_isBaseValid</name>
         <load_address>0xb249</load_address>
         <run_address>0xb249</run_address>
         <size>0x17</size>
         <input_file_ref idref="fl-18"/>
      </object_component>
      <object_component id="oc-392">
         <name>.text:CPUTimer_setPreScaler</name>
         <load_address>0xb260</load_address>
         <run_address>0xb260</run_address>
         <size>0x17</size>
         <input_file_ref idref="fl-2"/>
      </object_component>
      <object_component id="oc-55d">
         <name>.text:SPI_writeDataBlockingNonFIFO</name>
         <load_address>0xb277</load_address>
         <run_address>0xb277</run_address>
         <size>0x17</size>
         <input_file_ref idref="fl-1d"/>
      </object_component>
      <object_component id="oc-212">
         <name>.text:SysCtl_enablePeripheral</name>
         <load_address>0xb28e</load_address>
         <run_address>0xb28e</run_address>
         <size>0x17</size>
         <input_file_ref idref="fl-6"/>
      </object_component>
      <object_component id="oc-2d3">
         <name>.text:SysCtl_enablePeripheral</name>
         <load_address>0xb2a5</load_address>
         <run_address>0xb2a5</run_address>
         <size>0x17</size>
         <input_file_ref idref="fl-1e"/>
      </object_component>
      <object_component id="oc-71">
         <name>.text</name>
         <load_address>0xb2bc</load_address>
         <run_address>0xb2bc</run_address>
         <size>0x17</size>
         <input_file_ref idref="fl-2a"/>
      </object_component>
      <object_component id="oc-523">
         <name>.text:ADC_readResult</name>
         <load_address>0xb2d3</load_address>
         <run_address>0xb2d3</run_address>
         <size>0x16</size>
         <input_file_ref idref="fl-e"/>
      </object_component>
      <object_component id="oc-336">
         <name>.text:ADC_setInterruptPulseMode</name>
         <load_address>0xb2e9</load_address>
         <run_address>0xb2e9</run_address>
         <size>0x16</size>
         <input_file_ref idref="fl-2"/>
      </object_component>
      <object_component id="oc-330">
         <name>.text:ADC_setPrescaler</name>
         <load_address>0xb2ff</load_address>
         <run_address>0xb2ff</run_address>
         <size>0x16</size>
         <input_file_ref idref="fl-2"/>
      </object_component>
      <object_component id="oc-2f1">
         <name>.text:DCC_disableDoneSignal</name>
         <load_address>0xb315</load_address>
         <run_address>0xb315</run_address>
         <size>0x16</size>
         <input_file_ref idref="fl-1e"/>
      </object_component>
      <object_component id="oc-26">
         <name>.text:Interrupt_defaultHandler</name>
         <load_address>0xb32b</load_address>
         <run_address>0xb32b</run_address>
         <size>0x16</size>
         <input_file_ref idref="fl-1c"/>
      </object_component>
      <object_component id="oc-342">
         <name>.text:ADC_disableBurstMode</name>
         <load_address>0xb341</load_address>
         <run_address>0xb341</run_address>
         <size>0x15</size>
         <input_file_ref idref="fl-2"/>
      </object_component>
      <object_component id="oc-272">
         <name>.text:Aux0_init</name>
         <load_address>0xb356</load_address>
         <run_address>0xb356</run_address>
         <size>0x15</size>
         <input_file_ref idref="fl-2"/>
      </object_component>
      <object_component id="oc-260">
         <name>.text:BTS71220_chip_select_init</name>
         <load_address>0xb36b</load_address>
         <run_address>0xb36b</run_address>
         <size>0x15</size>
         <input_file_ref idref="fl-2"/>
      </object_component>
      <object_component id="oc-2df">
         <name>.text:DCC_clearDoneFlag</name>
         <load_address>0xb380</load_address>
         <run_address>0xb380</run_address>
         <size>0x15</size>
         <input_file_ref idref="fl-1e"/>
      </object_component>
      <object_component id="oc-2d9">
         <name>.text:DCC_clearErrorFlag</name>
         <load_address>0xb395</load_address>
         <run_address>0xb395</run_address>
         <size>0x15</size>
         <input_file_ref idref="fl-1e"/>
      </object_component>
      <object_component id="oc-2eb">
         <name>.text:DCC_disableErrorSignal</name>
         <load_address>0xb3aa</load_address>
         <run_address>0xb3aa</run_address>
         <size>0x15</size>
         <input_file_ref idref="fl-1e"/>
      </object_component>
      <object_component id="oc-47c">
         <name>.text:DCC_isBaseValid</name>
         <load_address>0xb3bf</load_address>
         <run_address>0xb3bf</run_address>
         <size>0x15</size>
         <input_file_ref idref="fl-1e"/>
      </object_component>
      <object_component id="oc-16e">
         <name>.text:GPIO_unlockPortConfig</name>
         <load_address>0xb3d4</load_address>
         <run_address>0xb3d4</run_address>
         <size>0x15</size>
         <input_file_ref idref="fl-6"/>
      </object_component>
      <object_component id="oc-266">
         <name>.text:LHI_1_init</name>
         <load_address>0xb3e9</load_address>
         <run_address>0xb3e9</run_address>
         <size>0x15</size>
         <input_file_ref idref="fl-2"/>
      </object_component>
      <object_component id="oc-51d">
         <name>.text:ADC_clearInterruptStatus</name>
         <load_address>0xb3fe</load_address>
         <run_address>0xb3fe</run_address>
         <size>0x14</size>
         <input_file_ref idref="fl-e"/>
      </object_component>
      <object_component id="oc-360">
         <name>.text:ADC_clearInterruptStatus</name>
         <load_address>0xb412</load_address>
         <run_address>0xb412</run_address>
         <size>0x14</size>
         <input_file_ref idref="fl-2"/>
      </object_component>
      <object_component id="oc-3aa">
         <name>.text:CPUTimer_reloadTimerCounter</name>
         <load_address>0xb426</load_address>
         <run_address>0xb426</run_address>
         <size>0x14</size>
         <input_file_ref idref="fl-2"/>
      </object_component>
      <object_component id="oc-3a4">
         <name>.text:CPUTimer_stopTimer</name>
         <load_address>0xb43a</load_address>
         <run_address>0xb43a</run_address>
         <size>0x14</size>
         <input_file_ref idref="fl-2"/>
      </object_component>
      <object_component id="oc-2e5">
         <name>.text:DCC_disableModule</name>
         <load_address>0xb44e</load_address>
         <run_address>0xb44e</run_address>
         <size>0x14</size>
         <input_file_ref idref="fl-1e"/>
      </object_component>
      <object_component id="oc-30f">
         <name>.text:DCC_enableModule</name>
         <load_address>0xb462</load_address>
         <run_address>0xb462</run_address>
         <size>0x14</size>
         <input_file_ref idref="fl-1e"/>
      </object_component>
      <object_component id="oc-54f">
         <name>.text:GPIO_isPinValid</name>
         <load_address>0xb476</load_address>
         <run_address>0xb476</run_address>
         <size>0x14</size>
         <input_file_ref idref="fl-a"/>
      </object_component>
      <object_component id="oc-4c8">
         <name>.text:GPIO_isPinValid</name>
         <load_address>0xb48a</load_address>
         <run_address>0xb48a</run_address>
         <size>0x14</size>
         <input_file_ref idref="fl-2"/>
      </object_component>
      <object_component id="oc-31e">
         <name>.text:GPIO_isPinValid</name>
         <load_address>0xb49e</load_address>
         <run_address>0xb49e</run_address>
         <size>0x14</size>
         <input_file_ref idref="fl-1a"/>
      </object_component>
      <object_component id="oc-26c">
         <name>.text:PDRST_SHUNT_init</name>
         <load_address>0xb4b2</load_address>
         <run_address>0xb4b2</run_address>
         <size>0x14</size>
         <input_file_ref idref="fl-2"/>
      </object_component>
      <object_component id="oc-15a">
         <name>.text:SysCtl_deviceCal</name>
         <load_address>0xb4c6</load_address>
         <run_address>0xb4c6</run_address>
         <size>0x14</size>
         <input_file_ref idref="fl-6"/>
      </object_component>
      <object_component id="oc-1ff">
         <name>.text:SysCtl_setPLLSysClk</name>
         <load_address>0xb4da</load_address>
         <run_address>0xb4da</run_address>
         <size>0x14</size>
         <input_file_ref idref="fl-1e"/>
      </object_component>
      <object_component id="oc-2a6">
         <name>.text:loadPositiveContactorDisable</name>
         <load_address>0xb4ee</load_address>
         <run_address>0xb4ee</run_address>
         <size>0x14</size>
         <input_file_ref idref="fl-e"/>
      </object_component>
      <object_component id="oc-1d4">
         <name>.text:loadPositiveContactorEnable</name>
         <load_address>0xb502</load_address>
         <run_address>0xb502</run_address>
         <size>0x14</size>
         <input_file_ref idref="fl-e"/>
      </object_component>
      <object_component id="oc-1da">
         <name>.text:preChargeContactorDisable</name>
         <load_address>0xb516</load_address>
         <run_address>0xb516</run_address>
         <size>0x14</size>
         <input_file_ref idref="fl-e"/>
      </object_component>
      <object_component id="oc-1ce">
         <name>.text:preChargeContactorEnable</name>
         <load_address>0xb52a</load_address>
         <run_address>0xb52a</run_address>
         <size>0x14</size>
         <input_file_ref idref="fl-e"/>
      </object_component>
      <object_component id="oc-33c">
         <name>.text:ADC_enableConverter</name>
         <load_address>0xb53e</load_address>
         <run_address>0xb53e</run_address>
         <size>0x13</size>
         <input_file_ref idref="fl-2"/>
      </object_component>
      <object_component id="oc-56a">
         <name>.text:ADC_isBaseValid</name>
         <load_address>0xb551</load_address>
         <run_address>0xb551</run_address>
         <size>0x13</size>
         <input_file_ref idref="fl-e"/>
      </object_component>
      <object_component id="oc-492">
         <name>.text:ADC_isBaseValid</name>
         <load_address>0xb564</load_address>
         <run_address>0xb564</run_address>
         <size>0x13</size>
         <input_file_ref idref="fl-2"/>
      </object_component>
      <object_component id="oc-105">
         <name>.text:Board_init</name>
         <load_address>0xb577</load_address>
         <run_address>0xb577</run_address>
         <size>0x13</size>
         <input_file_ref idref="fl-2"/>
      </object_component>
      <object_component id="oc-38c">
         <name>.text:CPUTimer_setEmulationMode</name>
         <load_address>0xb58a</load_address>
         <run_address>0xb58a</run_address>
         <size>0x13</size>
         <input_file_ref idref="fl-18"/>
      </object_component>
      <object_component id="oc-3df">
         <name>.text:I2C_disableLoopback</name>
         <load_address>0xb59d</load_address>
         <run_address>0xb59d</run_address>
         <size>0x13</size>
         <input_file_ref idref="fl-2"/>
      </object_component>
      <object_component id="oc-3c7">
         <name>.text:I2C_disableModule</name>
         <load_address>0xb5b0</load_address>
         <run_address>0xb5b0</run_address>
         <size>0x13</size>
         <input_file_ref idref="fl-2"/>
      </object_component>
      <object_component id="oc-403">
         <name>.text:I2C_enableModule</name>
         <load_address>0xb5c3</load_address>
         <run_address>0xb5c3</run_address>
         <size>0x13</size>
         <input_file_ref idref="fl-2"/>
      </object_component>
      <object_component id="oc-4d0">
         <name>.text:I2C_isBaseValid</name>
         <load_address>0xb5d6</load_address>
         <run_address>0xb5d6</run_address>
         <size>0x13</size>
         <input_file_ref idref="fl-2"/>
      </object_component>
      <object_component id="oc-4d7">
         <name>.text:I2C_isBaseValid</name>
         <load_address>0xb5e9</load_address>
         <run_address>0xb5e9</run_address>
         <size>0x13</size>
         <input_file_ref idref="fl-1b"/>
      </object_component>
      <object_component id="oc-4e9">
         <name>.text:SPI_isBaseValid</name>
         <load_address>0xb5fc</load_address>
         <run_address>0xb5fc</run_address>
         <size>0x13</size>
         <input_file_ref idref="fl-2"/>
      </object_component>
      <object_component id="oc-4f0">
         <name>.text:SPI_isBaseValid</name>
         <load_address>0xb60f</load_address>
         <run_address>0xb60f</run_address>
         <size>0x13</size>
         <input_file_ref idref="fl-1d"/>
      </object_component>
      <object_component id="oc-39e">
         <name>.text:CPUTimer_disableInterrupt</name>
         <load_address>0xb622</load_address>
         <run_address>0xb622</run_address>
         <size>0x12</size>
         <input_file_ref idref="fl-2"/>
      </object_component>
      <object_component id="oc-3eb">
         <name>.text:I2C_setDataCount</name>
         <load_address>0xb634</load_address>
         <run_address>0xb634</run_address>
         <size>0x12</size>
         <input_file_ref idref="fl-2"/>
      </object_component>
      <object_component id="oc-563">
         <name>.text:SPI_readDataBlockingNonFIFO</name>
         <load_address>0xb646</load_address>
         <run_address>0xb646</run_address>
         <size>0x12</size>
         <input_file_ref idref="fl-1d"/>
      </object_component>
      <object_component id="oc-385">
         <name>.text:CAN_startModule</name>
         <load_address>0xb658</load_address>
         <run_address>0xb658</run_address>
         <size>0x11</size>
         <input_file_ref idref="fl-2"/>
      </object_component>
      <object_component id="oc-398">
         <name>.text:CPUTimer_setPeriod</name>
         <load_address>0xb669</load_address>
         <run_address>0xb669</run_address>
         <size>0x11</size>
         <input_file_ref idref="fl-2"/>
      </object_component>
      <object_component id="oc-422">
         <name>.text:SPI_disableLoopback</name>
         <load_address>0xb67a</load_address>
         <run_address>0xb67a</run_address>
         <size>0x11</size>
         <input_file_ref idref="fl-2"/>
      </object_component>
      <object_component id="oc-40a">
         <name>.text:SPI_disableModule</name>
         <load_address>0xb68b</load_address>
         <run_address>0xb68b</run_address>
         <size>0x11</size>
         <input_file_ref idref="fl-2"/>
      </object_component>
      <object_component id="oc-578">
         <name>.text:SPI_disableModule</name>
         <load_address>0xb69c</load_address>
         <run_address>0xb69c</run_address>
         <size>0x11</size>
         <input_file_ref idref="fl-1d"/>
      </object_component>
      <object_component id="oc-42e">
         <name>.text:SPI_enableModule</name>
         <load_address>0xb6ad</load_address>
         <run_address>0xb6ad</run_address>
         <size>0x11</size>
         <input_file_ref idref="fl-2"/>
      </object_component>
      <object_component id="oc-57e">
         <name>.text:SPI_enableModule</name>
         <load_address>0xb6be</load_address>
         <run_address>0xb6be</run_address>
         <size>0x11</size>
         <input_file_ref idref="fl-1d"/>
      </object_component>
      <object_component id="oc-4ac">
         <name>.text:CAN_isBaseValid</name>
         <load_address>0xb6cf</load_address>
         <run_address>0xb6cf</run_address>
         <size>0x10</size>
         <input_file_ref idref="fl-2"/>
      </object_component>
      <object_component id="oc-292">
         <name>.text:CAN_isBaseValid</name>
         <load_address>0xb6df</load_address>
         <run_address>0xb6df</run_address>
         <size>0x10</size>
         <input_file_ref idref="fl-17"/>
      </object_component>
      <object_component id="oc-28a">
         <name>.text:CPUTimer_getTimerCount</name>
         <load_address>0xb6ef</load_address>
         <run_address>0xb6ef</run_address>
         <size>0x10</size>
         <input_file_ref idref="fl-5"/>
      </object_component>
      <object_component id="oc-f9">
         <name>.text:Device_initGPIO</name>
         <load_address>0xb6ff</load_address>
         <run_address>0xb6ff</run_address>
         <size>0x10</size>
         <input_file_ref idref="fl-6"/>
      </object_component>
      <object_component id="oc-1b0">
         <name>.text:getTimer0Count</name>
         <load_address>0xb70f</load_address>
         <run_address>0xb70f</run_address>
         <size>0x10</size>
         <input_file_ref idref="fl-5"/>
      </object_component>
      <object_component id="oc-175">
         <name>.text:Interrupt_disableGlobal</name>
         <load_address>0xb71f</load_address>
         <run_address>0xb71f</run_address>
         <size>0xd</size>
         <input_file_ref idref="fl-1c"/>
      </object_component>
      <object_component id="oc-141">
         <name>.text:SysCtl_setLowSpeedClock</name>
         <load_address>0xb72c</load_address>
         <run_address>0xb72c</run_address>
         <size>0xd</size>
         <input_file_ref idref="fl-6"/>
      </object_component>
      <object_component id="oc-89">
         <name>.text</name>
         <load_address>0xb739</load_address>
         <run_address>0xb739</run_address>
         <size>0xc</size>
         <input_file_ref idref="fl-38"/>
      </object_component>
      <object_component id="oc-1f3">
         <name>.text:SysCtl_isMCDClockFailureDetected</name>
         <load_address>0xb745</load_address>
         <run_address>0xb745</run_address>
         <size>0xb</size>
         <input_file_ref idref="fl-1e"/>
      </object_component>
      <object_component id="oc-1c8">
         <name>.text:allContactorDisable</name>
         <load_address>0xb750</load_address>
         <run_address>0xb750</run_address>
         <size>0xb</size>
         <input_file_ref idref="fl-e"/>
      </object_component>
      <object_component id="oc-32">
         <name>.text:Interrupt_illegalOperationHandler</name>
         <load_address>0xb75b</load_address>
         <run_address>0xb75b</run_address>
         <size>0xa</size>
         <input_file_ref idref="fl-1c"/>
      </object_component>
      <object_component id="oc-38">
         <name>.text:Interrupt_nmiHandler</name>
         <load_address>0xb765</load_address>
         <run_address>0xb765</run_address>
         <size>0xa</size>
         <input_file_ref idref="fl-1c"/>
      </object_component>
      <object_component id="oc-182">
         <name>.text:ASYSCTL_init</name>
         <load_address>0xb76f</load_address>
         <run_address>0xb76f</run_address>
         <size>0x9</size>
         <input_file_ref idref="fl-2"/>
      </object_component>
      <object_component id="oc-19a">
         <name>.text:GPIO_init</name>
         <load_address>0xb778</load_address>
         <run_address>0xb778</run_address>
         <size>0x9</size>
         <input_file_ref idref="fl-2"/>
      </object_component>
      <object_component id="oc-122">
         <name>.text</name>
         <load_address>0xb781</load_address>
         <run_address>0xb781</run_address>
         <size>0x9</size>
         <input_file_ref idref="fl-37"/>
      </object_component>
      <object_component id="oc-135">
         <name>.text:SysCtl_disableWatchdog</name>
         <load_address>0xb78a</load_address>
         <run_address>0xb78a</run_address>
         <size>0x8</size>
         <input_file_ref idref="fl-6"/>
      </object_component>
      <object_component id="oc-1a">
         <name>.text:decompress:none</name>
         <load_address>0xb792</load_address>
         <run_address>0xb792</run_address>
         <size>0x8</size>
         <input_file_ref idref="fl-34"/>
      </object_component>
      <object_component id="oc-55">
         <name>.text</name>
         <load_address>0xb79a</load_address>
         <run_address>0xb79a</run_address>
         <size>0x8</size>
         <input_file_ref idref="fl-7"/>
      </object_component>
      <object_component id="oc-238">
         <name>.text:ASysCtl_disableTemperatureSensor</name>
         <load_address>0xb7a2</load_address>
         <run_address>0xb7a2</run_address>
         <size>0x7</size>
         <input_file_ref idref="fl-2"/>
      </object_component>
      <object_component id="oc-166">
         <name>.text:ASysCtl_lockVREG</name>
         <load_address>0xb7a9</load_address>
         <run_address>0xb7a9</run_address>
         <size>0x7</size>
         <input_file_ref idref="fl-6"/>
      </object_component>
      <object_component id="oc-472">
         <name>.text:SysCtl_resetMCD</name>
         <load_address>0xb7b0</load_address>
         <run_address>0xb7b0</run_address>
         <size>0x7</size>
         <input_file_ref idref="fl-1e"/>
      </object_component>
      <object_component id="oc-14e">
         <name>.text:__error__</name>
         <load_address>0xb7b7</load_address>
         <run_address>0xb7b7</run_address>
         <size>0x7</size>
         <input_file_ref idref="fl-6"/>
      </object_component>
      <object_component id="oc-188">
         <name>.text:ADC_init</name>
         <load_address>0xb7be</load_address>
         <run_address>0xb7be</run_address>
         <size>0x3</size>
         <input_file_ref idref="fl-2"/>
      </object_component>
      <object_component id="oc-18e">
         <name>.text:CAN_init</name>
         <load_address>0xb7c1</load_address>
         <run_address>0xb7c1</run_address>
         <size>0x3</size>
         <input_file_ref idref="fl-2"/>
      </object_component>
      <object_component id="oc-194">
         <name>.text:CPUTIMER_init</name>
         <load_address>0xb7c4</load_address>
         <run_address>0xb7c4</run_address>
         <size>0x3</size>
         <input_file_ref idref="fl-2"/>
      </object_component>
      <object_component id="oc-1a0">
         <name>.text:I2C_init</name>
         <load_address>0xb7c7</load_address>
         <run_address>0xb7c7</run_address>
         <size>0x3</size>
         <input_file_ref idref="fl-2"/>
      </object_component>
      <object_component id="oc-1a6">
         <name>.text:SPI_init</name>
         <load_address>0xb7ca</load_address>
         <run_address>0xb7ca</run_address>
         <size>0x3</size>
         <input_file_ref idref="fl-2"/>
      </object_component>
      <object_component id="oc-82">
         <name>.text</name>
         <load_address>0xb7cd</load_address>
         <run_address>0xb7cd</run_address>
         <size>0x2</size>
         <input_file_ref idref="fl-31"/>
      </object_component>
      <object_component id="oc-de">
         <name>.text</name>
         <load_address>0xb7cf</load_address>
         <run_address>0xb7cf</run_address>
         <size>0x1</size>
         <input_file_ref idref="fl-3c"/>
      </object_component>
      <object_component id="oc-10e">
         <name>.TI.ramfunc</name>
         <load_address>0x128</load_address>
         <run_address>0x128</run_address>
         <size>0x4</size>
         <input_file_ref idref="fl-1e"/>
      </object_component>
      <object_component id="oc-5b3">
         <name>.cinit..data.load</name>
         <load_address>0x12c</load_address>
         <run_address>0x12c</run_address>
         <size>0xf</size>
      </object_component>
      <object_component id="oc-5b1">
         <name>__TI_handler_table</name>
         <load_address>0x13c</load_address>
         <run_address>0x13c</run_address>
         <size>0x4</size>
      </object_component>
      <object_component id="oc-5b2">
         <name>__TI_cinit_table</name>
         <load_address>0x140</load_address>
         <run_address>0x140</run_address>
         <size>0x4</size>
      </object_component>
      <object_component id="oc-21">
         <name>codestart</name>
         <load_address>0x0</load_address>
         <run_address>0x0</run_address>
         <size>0x2</size>
         <input_file_ref idref="fl-7"/>
      </object_component>
      <object_component id="oc-3e">
         <name>.stack</name>
         <uninitialized>true</uninitialized>
         <run_address>0x400</run_address>
         <size>0x0</size>
         <input_file_ref idref="fl-2a"/>
      </object_component>
      <object_component id="oc-5b4">
         <name>.stack</name>
         <uninitialized>true</uninitialized>
         <run_address>0x400</run_address>
         <size>0x0</size>
      </object_component>
      <object_component id="oc-327">
         <name>.const:.string</name>
         <load_address>0xb7d0</load_address>
         <run_address>0xb7d0</run_address>
         <size>0x1b9</size>
         <input_file_ref idref="fl-2"/>
      </object_component>
      <object_component id="oc-1f2">
         <name>.const:.string</name>
         <load_address>0xb98a</load_address>
         <run_address>0xb98a</run_address>
         <size>0x9a</size>
         <input_file_ref idref="fl-1e"/>
      </object_component>
      <object_component id="oc-31c">
         <name>.const:.string</name>
         <load_address>0xba24</load_address>
         <run_address>0xba24</run_address>
         <size>0x98</size>
         <input_file_ref idref="fl-1a"/>
      </object_component>
      <object_component id="oc-298">
         <name>.const:.string</name>
         <load_address>0xbabc</load_address>
         <run_address>0xbabc</run_address>
         <size>0x97</size>
         <input_file_ref idref="fl-17"/>
      </object_component>
      <object_component id="oc-4f6">
         <name>.const:.string</name>
         <load_address>0xbb54</load_address>
         <run_address>0xbb54</run_address>
         <size>0x97</size>
         <input_file_ref idref="fl-1d"/>
      </object_component>
      <object_component id="oc-14d">
         <name>.const:.string</name>
         <load_address>0xbbec</load_address>
         <run_address>0xbbec</run_address>
         <size>0x53</size>
         <input_file_ref idref="fl-6"/>
      </object_component>
      <object_component id="oc-4b9">
         <name>.const:.string</name>
         <load_address>0xbc40</load_address>
         <run_address>0xbc40</run_address>
         <size>0x50</size>
         <input_file_ref idref="fl-18"/>
      </object_component>
      <object_component id="oc-4dd">
         <name>.const:.string</name>
         <load_address>0xbc90</load_address>
         <run_address>0xbc90</run_address>
         <size>0x4b</size>
         <input_file_ref idref="fl-1b"/>
      </object_component>
      <object_component id="oc-43b">
         <name>.const:.string</name>
         <load_address>0xbcdc</load_address>
         <run_address>0xbcdc</run_address>
         <size>0x42</size>
         <input_file_ref idref="fl-5"/>
      </object_component>
      <object_component id="oc-555">
         <name>.const:.string</name>
         <load_address>0xbd1e</load_address>
         <run_address>0xbd1e</run_address>
         <size>0x3e</size>
         <input_file_ref idref="fl-a"/>
      </object_component>
      <object_component id="oc-570">
         <name>.const:.string</name>
         <load_address>0xbd5c</load_address>
         <run_address>0xbd5c</run_address>
         <size>0x3d</size>
         <input_file_ref idref="fl-e"/>
      </object_component>
      <object_component id="oc-10b">
         <name>.const:$P$T0$1</name>
         <load_address>0xbd99</load_address>
         <run_address>0xbd99</run_address>
         <size>0x8</size>
         <input_file_ref idref="fl-4"/>
      </object_component>
      <object_component id="oc-465">
         <name>.const</name>
         <load_address>0xbda2</load_address>
         <run_address>0xbda2</run_address>
         <size>0x8</size>
         <input_file_ref idref="fl-e"/>
      </object_component>
      <object_component id="oc-1c2">
         <name>.data</name>
         <load_address>0xbdaa</load_address>
         <run_address>0xbdaa</run_address>
         <size>0xc</size>
         <input_file_ref idref="fl-5"/>
      </object_component>
      <object_component id="oc-d3">
         <name>.data</name>
         <load_address>0xbdb6</load_address>
         <run_address>0xbdb6</run_address>
         <size>0x6</size>
         <input_file_ref idref="fl-36"/>
      </object_component>
      <object_component id="oc-d6">
         <name>.data:_lock</name>
         <load_address>0xbdbc</load_address>
         <run_address>0xbdbc</run_address>
         <size>0x2</size>
         <input_file_ref idref="fl-37"/>
      </object_component>
      <object_component id="oc-1e4">
         <name>.data:_unlock</name>
         <load_address>0xbdbe</load_address>
         <run_address>0xbdbe</run_address>
         <size>0x2</size>
         <input_file_ref idref="fl-37"/>
      </object_component>
      <object_component id="oc-1ad">
         <name>.debug_types</name>
         <load_address>0x0</load_address>
         <run_address>0x0</run_address>
         <size>0x1b6d</size>
         <input_file_ref idref="fl-2"/>
      </object_component>
      <object_component id="oc-11c">
         <name>.debug_types</name>
         <load_address>0x1b6d</load_address>
         <run_address>0x1b6d</run_address>
         <size>0x14d</size>
         <input_file_ref idref="fl-4"/>
      </object_component>
      <object_component id="oc-1c7">
         <name>.debug_types</name>
         <load_address>0x1cba</load_address>
         <run_address>0x1cba</run_address>
         <size>0x111</size>
         <input_file_ref idref="fl-5"/>
      </object_component>
      <object_component id="oc-16d">
         <name>.debug_types</name>
         <load_address>0x1dcb</load_address>
         <run_address>0x1dcb</run_address>
         <size>0xa01</size>
         <input_file_ref idref="fl-6"/>
      </object_component>
      <object_component id="oc-459">
         <name>.debug_types</name>
         <load_address>0x0</load_address>
         <run_address>0x0</run_address>
         <size>0x0</size>
         <input_file_ref idref="fl-a"/>
      </object_component>
      <object_component id="oc-2ad">
         <name>.debug_types</name>
         <load_address>0x0</load_address>
         <run_address>0x0</run_address>
         <size>0x0</size>
         <input_file_ref idref="fl-e"/>
      </object_component>
      <object_component id="oc-491">
         <name>.debug_types</name>
         <load_address>0x27cc</load_address>
         <run_address>0x27cc</run_address>
         <size>0x151</size>
         <input_file_ref idref="fl-16"/>
      </object_component>
      <object_component id="oc-2a0">
         <name>.debug_types</name>
         <load_address>0x291d</load_address>
         <run_address>0x291d</run_address>
         <size>0x17a</size>
         <input_file_ref idref="fl-17"/>
      </object_component>
      <object_component id="oc-4bb">
         <name>.debug_types</name>
         <load_address>0x0</load_address>
         <run_address>0x0</run_address>
         <size>0x0</size>
         <input_file_ref idref="fl-18"/>
      </object_component>
      <object_component id="oc-31b">
         <name>.debug_types</name>
         <load_address>0x2a97</load_address>
         <run_address>0x2a97</run_address>
         <size>0x24d</size>
         <input_file_ref idref="fl-1a"/>
      </object_component>
      <object_component id="oc-4df">
         <name>.debug_types</name>
         <load_address>0x0</load_address>
         <run_address>0x0</run_address>
         <size>0x0</size>
         <input_file_ref idref="fl-1b"/>
      </object_component>
      <object_component id="oc-5c">
         <name>.debug_types</name>
         <load_address>0x0</load_address>
         <run_address>0x0</run_address>
         <size>0x0</size>
         <input_file_ref idref="fl-1c"/>
      </object_component>
      <object_component id="oc-4f8">
         <name>.debug_types</name>
         <load_address>0x2ce4</load_address>
         <run_address>0x2ce4</run_address>
         <size>0x510</size>
         <input_file_ref idref="fl-1d"/>
      </object_component>
      <object_component id="oc-20c">
         <name>.debug_types</name>
         <load_address>0x31f4</load_address>
         <run_address>0x31f4</run_address>
         <size>0x716</size>
         <input_file_ref idref="fl-1e"/>
      </object_component>
      <object_component id="oc-9a">
         <name>.debug_types</name>
         <load_address>0x0</load_address>
         <run_address>0x0</run_address>
         <size>0x0</size>
         <input_file_ref idref="fl-31"/>
      </object_component>
      <object_component id="oc-e5">
         <name>.debug_types</name>
         <load_address>0x390a</load_address>
         <run_address>0x390a</run_address>
         <size>0x4e8</size>
         <input_file_ref idref="fl-32"/>
      </object_component>
      <object_component id="oc-48">
         <name>.debug_types</name>
         <load_address>0x3df2</load_address>
         <run_address>0x3df2</run_address>
         <size>0x1c8</size>
         <input_file_ref idref="fl-34"/>
      </object_component>
      <object_component id="oc-40">
         <name>.debug_types</name>
         <load_address>0x3fba</load_address>
         <run_address>0x3fba</run_address>
         <size>0x191</size>
         <input_file_ref idref="fl-35"/>
      </object_component>
      <object_component id="oc-da">
         <name>.debug_types</name>
         <load_address>0x414b</load_address>
         <run_address>0x414b</run_address>
         <size>0xbf</size>
         <input_file_ref idref="fl-36"/>
      </object_component>
      <object_component id="oc-12a">
         <name>.debug_types</name>
         <load_address>0x420a</load_address>
         <run_address>0x420a</run_address>
         <size>0x2f</size>
         <input_file_ref idref="fl-37"/>
      </object_component>
      <object_component id="oc-d2">
         <name>.debug_types</name>
         <load_address>0x4239</load_address>
         <run_address>0x4239</run_address>
         <size>0xe1</size>
         <input_file_ref idref="fl-38"/>
      </object_component>
      <object_component id="oc-64">
         <name>.debug_types</name>
         <load_address>0x431a</load_address>
         <run_address>0x431a</run_address>
         <size>0xb8</size>
         <input_file_ref idref="fl-3b"/>
      </object_component>
      <object_component id="oc-12f">
         <name>.debug_types</name>
         <load_address>0x0</load_address>
         <run_address>0x0</run_address>
         <size>0x0</size>
         <input_file_ref idref="fl-3c"/>
      </object_component>
      <object_component id="oc-493">
         <name>.debug_info</name>
         <load_address>0x0</load_address>
         <run_address>0x0</run_address>
         <size>0x165</size>
         <input_file_ref idref="fl-2"/>
      </object_component>
      <object_component id="oc-331">
         <name>.debug_info</name>
         <load_address>0x165</load_address>
         <run_address>0x165</run_address>
         <size>0x1b2</size>
         <input_file_ref idref="fl-2"/>
      </object_component>
      <object_component id="oc-34f">
         <name>.debug_info</name>
         <load_address>0x317</load_address>
         <run_address>0x317</run_address>
         <size>0x220</size>
         <input_file_ref idref="fl-2"/>
      </object_component>
      <object_component id="oc-355">
         <name>.debug_info</name>
         <load_address>0x537</load_address>
         <run_address>0x537</run_address>
         <size>0x1fe</size>
         <input_file_ref idref="fl-2"/>
      </object_component>
      <object_component id="oc-337">
         <name>.debug_info</name>
         <load_address>0x735</load_address>
         <run_address>0x735</run_address>
         <size>0x1c0</size>
         <input_file_ref idref="fl-2"/>
      </object_component>
      <object_component id="oc-33d">
         <name>.debug_info</name>
         <load_address>0x8f5</load_address>
         <run_address>0x8f5</run_address>
         <size>0x189</size>
         <input_file_ref idref="fl-2"/>
      </object_component>
      <object_component id="oc-361">
         <name>.debug_info</name>
         <load_address>0xa7e</load_address>
         <run_address>0xa7e</run_address>
         <size>0x1be</size>
         <input_file_ref idref="fl-2"/>
      </object_component>
      <object_component id="oc-343">
         <name>.debug_info</name>
         <load_address>0xc3c</load_address>
         <run_address>0xc3c</run_address>
         <size>0x18b</size>
         <input_file_ref idref="fl-2"/>
      </object_component>
      <object_component id="oc-349">
         <name>.debug_info</name>
         <load_address>0xdc7</load_address>
         <run_address>0xdc7</run_address>
         <size>0x1ae</size>
         <input_file_ref idref="fl-2"/>
      </object_component>
      <object_component id="oc-36d">
         <name>.debug_info</name>
         <load_address>0xf75</load_address>
         <run_address>0xf75</run_address>
         <size>0x1e0</size>
         <input_file_ref idref="fl-2"/>
      </object_component>
      <object_component id="oc-35b">
         <name>.debug_info</name>
         <load_address>0x1155</load_address>
         <run_address>0x1155</run_address>
         <size>0x222</size>
         <input_file_ref idref="fl-2"/>
      </object_component>
      <object_component id="oc-367">
         <name>.debug_info</name>
         <load_address>0x1377</load_address>
         <run_address>0x1377</run_address>
         <size>0x1ec</size>
         <input_file_ref idref="fl-2"/>
      </object_component>
      <object_component id="oc-239">
         <name>.debug_info</name>
         <load_address>0x1563</load_address>
         <run_address>0x1563</run_address>
         <size>0x160</size>
         <input_file_ref idref="fl-2"/>
      </object_component>
      <object_component id="oc-23f">
         <name>.debug_info</name>
         <load_address>0x16c3</load_address>
         <run_address>0x16c3</run_address>
         <size>0x19e</size>
         <input_file_ref idref="fl-2"/>
      </object_component>
      <object_component id="oc-245">
         <name>.debug_info</name>
         <load_address>0x1861</load_address>
         <run_address>0x1861</run_address>
         <size>0x198</size>
         <input_file_ref idref="fl-2"/>
      </object_component>
      <object_component id="oc-4ad">
         <name>.debug_info</name>
         <load_address>0x19f9</load_address>
         <run_address>0x19f9</run_address>
         <size>0x165</size>
         <input_file_ref idref="fl-2"/>
      </object_component>
      <object_component id="oc-386">
         <name>.debug_info</name>
         <load_address>0x1b5e</load_address>
         <run_address>0x1b5e</run_address>
         <size>0x181</size>
         <input_file_ref idref="fl-2"/>
      </object_component>
      <object_component id="oc-4bd">
         <name>.debug_info</name>
         <load_address>0x1cdf</load_address>
         <run_address>0x1cdf</run_address>
         <size>0x172</size>
         <input_file_ref idref="fl-2"/>
      </object_component>
      <object_component id="oc-39f">
         <name>.debug_info</name>
         <load_address>0x1e51</load_address>
         <run_address>0x1e51</run_address>
         <size>0x19d</size>
         <input_file_ref idref="fl-2"/>
      </object_component>
      <object_component id="oc-3ab">
         <name>.debug_info</name>
         <load_address>0x1fee</load_address>
         <run_address>0x1fee</run_address>
         <size>0x1b6</size>
         <input_file_ref idref="fl-2"/>
      </object_component>
      <object_component id="oc-3a5">
         <name>.debug_info</name>
         <load_address>0x21a4</load_address>
         <run_address>0x21a4</run_address>
         <size>0x1a5</size>
         <input_file_ref idref="fl-2"/>
      </object_component>
      <object_component id="oc-3b1">
         <name>.debug_info</name>
         <load_address>0x2349</load_address>
         <run_address>0x2349</run_address>
         <size>0x1a8</size>
         <input_file_ref idref="fl-2"/>
      </object_component>
      <object_component id="oc-399">
         <name>.debug_info</name>
         <load_address>0x24f1</load_address>
         <run_address>0x24f1</run_address>
         <size>0x1a9</size>
         <input_file_ref idref="fl-2"/>
      </object_component>
      <object_component id="oc-393">
         <name>.debug_info</name>
         <load_address>0x269a</load_address>
         <run_address>0x269a</run_address>
         <size>0x1c2</size>
         <input_file_ref idref="fl-2"/>
      </object_component>
      <object_component id="oc-4c9">
         <name>.debug_info</name>
         <load_address>0x285c</load_address>
         <run_address>0x285c</run_address>
         <size>0x162</size>
         <input_file_ref idref="fl-2"/>
      </object_component>
      <object_component id="oc-3b8">
         <name>.debug_info</name>
         <load_address>0x29be</load_address>
         <run_address>0x29be</run_address>
         <size>0x1bb</size>
         <input_file_ref idref="fl-2"/>
      </object_component>
      <object_component id="oc-4d1">
         <name>.debug_info</name>
         <load_address>0x2b79</load_address>
         <run_address>0x2b79</run_address>
         <size>0x165</size>
         <input_file_ref idref="fl-2"/>
      </object_component>
      <object_component id="oc-404">
         <name>.debug_info</name>
         <load_address>0x2cde</load_address>
         <run_address>0x2cde</run_address>
         <size>0x183</size>
         <input_file_ref idref="fl-2"/>
      </object_component>
      <object_component id="oc-3c8">
         <name>.debug_info</name>
         <load_address>0x2e61</load_address>
         <run_address>0x2e61</run_address>
         <size>0x185</size>
         <input_file_ref idref="fl-2"/>
      </object_component>
      <object_component id="oc-3f8">
         <name>.debug_info</name>
         <load_address>0x2fe6</load_address>
         <run_address>0x2fe6</run_address>
         <size>0x17f</size>
         <input_file_ref idref="fl-2"/>
      </object_component>
      <object_component id="oc-3da">
         <name>.debug_info</name>
         <load_address>0x3165</load_address>
         <run_address>0x3165</run_address>
         <size>0x1c7</size>
         <input_file_ref idref="fl-2"/>
      </object_component>
      <object_component id="oc-3d4">
         <name>.debug_info</name>
         <load_address>0x332c</load_address>
         <run_address>0x332c</run_address>
         <size>0x1a2</size>
         <input_file_ref idref="fl-2"/>
      </object_component>
      <object_component id="oc-3e6">
         <name>.debug_info</name>
         <load_address>0x34ce</load_address>
         <run_address>0x34ce</run_address>
         <size>0x1a2</size>
         <input_file_ref idref="fl-2"/>
      </object_component>
      <object_component id="oc-3ec">
         <name>.debug_info</name>
         <load_address>0x3670</load_address>
         <run_address>0x3670</run_address>
         <size>0x1a6</size>
         <input_file_ref idref="fl-2"/>
      </object_component>
      <object_component id="oc-3f2">
         <name>.debug_info</name>
         <load_address>0x3816</load_address>
         <run_address>0x3816</run_address>
         <size>0x1a8</size>
         <input_file_ref idref="fl-2"/>
      </object_component>
      <object_component id="oc-3fe">
         <name>.debug_info</name>
         <load_address>0x39be</load_address>
         <run_address>0x39be</run_address>
         <size>0x1ac</size>
         <input_file_ref idref="fl-2"/>
      </object_component>
      <object_component id="oc-3e0">
         <name>.debug_info</name>
         <load_address>0x3b6a</load_address>
         <run_address>0x3b6a</run_address>
         <size>0x189</size>
         <input_file_ref idref="fl-2"/>
      </object_component>
      <object_component id="oc-4ea">
         <name>.debug_info</name>
         <load_address>0x3cf3</load_address>
         <run_address>0x3cf3</run_address>
         <size>0x165</size>
         <input_file_ref idref="fl-2"/>
      </object_component>
      <object_component id="oc-42f">
         <name>.debug_info</name>
         <load_address>0x3e58</load_address>
         <run_address>0x3e58</run_address>
         <size>0x183</size>
         <input_file_ref idref="fl-2"/>
      </object_component>
      <object_component id="oc-40b">
         <name>.debug_info</name>
         <load_address>0x3fdb</load_address>
         <run_address>0x3fdb</run_address>
         <size>0x185</size>
         <input_file_ref idref="fl-2"/>
      </object_component>
      <object_component id="oc-41d">
         <name>.debug_info</name>
         <load_address>0x4160</load_address>
         <run_address>0x4160</run_address>
         <size>0x181</size>
         <input_file_ref idref="fl-2"/>
      </object_component>
      <object_component id="oc-423">
         <name>.debug_info</name>
         <load_address>0x42e1</load_address>
         <run_address>0x42e1</run_address>
         <size>0x189</size>
         <input_file_ref idref="fl-2"/>
      </object_component>
      <object_component id="oc-417">
         <name>.debug_info</name>
         <load_address>0x446a</load_address>
         <run_address>0x446a</run_address>
         <size>0x1bc</size>
         <input_file_ref idref="fl-2"/>
      </object_component>
      <object_component id="oc-429">
         <name>.debug_info</name>
         <load_address>0x4626</load_address>
         <run_address>0x4626</run_address>
         <size>0x1ac</size>
         <input_file_ref idref="fl-2"/>
      </object_component>
      <object_component id="oc-106">
         <name>.debug_info</name>
         <load_address>0x47d2</load_address>
         <run_address>0x47d2</run_address>
         <size>0x17f</size>
         <input_file_ref idref="fl-2"/>
      </object_component>
      <object_component id="oc-17d">
         <name>.debug_info</name>
         <load_address>0x4951</load_address>
         <run_address>0x4951</run_address>
         <size>0x3aa</size>
         <input_file_ref idref="fl-2"/>
      </object_component>
      <object_component id="oc-189">
         <name>.debug_info</name>
         <load_address>0x4cfb</load_address>
         <run_address>0x4cfb</run_address>
         <size>0x10f</size>
         <input_file_ref idref="fl-2"/>
      </object_component>
      <object_component id="oc-24c">
         <name>.debug_info</name>
         <load_address>0x4e0a</load_address>
         <run_address>0x4e0a</run_address>
         <size>0x254</size>
         <input_file_ref idref="fl-2"/>
      </object_component>
      <object_component id="oc-183">
         <name>.debug_info</name>
         <load_address>0x505e</load_address>
         <run_address>0x505e</run_address>
         <size>0x178</size>
         <input_file_ref idref="fl-2"/>
      </object_component>
      <object_component id="oc-18f">
         <name>.debug_info</name>
         <load_address>0x51d6</load_address>
         <run_address>0x51d6</run_address>
         <size>0x10f</size>
         <input_file_ref idref="fl-2"/>
      </object_component>
      <object_component id="oc-253">
         <name>.debug_info</name>
         <load_address>0x52e5</load_address>
         <run_address>0x52e5</run_address>
         <size>0x17c</size>
         <input_file_ref idref="fl-2"/>
      </object_component>
      <object_component id="oc-195">
         <name>.debug_info</name>
         <load_address>0x5461</load_address>
         <run_address>0x5461</run_address>
         <size>0x120</size>
         <input_file_ref idref="fl-2"/>
      </object_component>
      <object_component id="oc-25a">
         <name>.debug_info</name>
         <load_address>0x5581</load_address>
         <run_address>0x5581</run_address>
         <size>0x1d3</size>
         <input_file_ref idref="fl-2"/>
      </object_component>
      <object_component id="oc-19b">
         <name>.debug_info</name>
         <load_address>0x5754</load_address>
         <run_address>0x5754</run_address>
         <size>0x156</size>
         <input_file_ref idref="fl-2"/>
      </object_component>
      <object_component id="oc-261">
         <name>.debug_info</name>
[...]
         <unused_space>0x1000</unused_space>
         <attributes>RWIX</attributes>
         <usage_details>
         </usage_details>
      </memory_area>
      <memory_area display="yes" color="green">
         <name>FLASH_BANK0_SEC11</name>
         <page_id>0x0</page_id>
         <origin>0x8b000</origin>
         <length>0x1000</length>
         <used_space>0x0</used_space>
         <unused_space>0x1000</unused_space>
         <attributes>RWIX</attributes>
         <usage_details>
         </usage_details>
      </memory_area>
      <memory_area display="yes" color="green">
         <name>FLASH_BANK0_SEC12</name>
         <page_id>0x0</page_id>
         <origin>0x8c000</origin>
         <length>0x1000</length>
         <used_space>0x0</used_space>
         <unused_space>0x1000</unused_space>
         <attributes>RWIX</attributes>
         <usage_details>
         </usage_details>
      </memory_area>
      <memory_area display="yes" color="green">
         <name>FLASH_BANK0_SEC13</name>
         <page_id>0x0</page_id>
         <origin>0x8d000</origin>
         <length>0x1000</length>
         <used_space>0x0</used_space>
         <unused_space>0x1000</unused_space>
         <attributes>RWIX</attributes>
         <usage_details>
         </usage_details>
      </memory_area>
      <memory_area display="yes" color="green">
         <name>FLASH_BANK0_SEC14</name>
         <page_id>0x0</page_id>
         <origin>0x8e000</origin>
         <length>0x1000</length>
         <used_space>0x0</used_space>
         <unused_space>0x1000</unused_space>
         <attributes>RWIX</attributes>
         <usage_details>
         </usage_details>
      </memory_area>
      <memory_area display="yes" color="green">
         <name>FLASH_BANK0_SEC15</name>
         <page_id>0x0</page_id>
         <origin>0x8f000</origin>
         <length>0xff8</length>
         <used_space>0x0</used_space>
         <unused_space>0xff8</unused_space>
         <attributes>RWIX</attributes>
         <usage_details>
         </usage_details>
      </memory_area>
      <memory_area display="yes" color="green">
         <name>BOOTROM</name>
         <page_id>0x0</page_id>
         <origin>0x3f0000</origin>
         <length>0x8000</length>
         <used_space>0x0</used_space>
         <unused_space>0x8000</unused_space>
         <attributes>RWIX</attributes>
         <usage_details>
         </usage_details>
      </memory_area>
      <memory_area display="yes" color="green">
         <name>BOOTROM_EXT</name>
         <page_id>0x0</page_id>
         <origin>0x3f8000</origin>
         <length>0x7fc0</length>
         <used_space>0x0</used_space>
         <unused_space>0x7fc0</unused_space>
         <attributes>RWIX</attributes>
         <usage_details>
         </usage_details>
      </memory_area>
      <memory_area display="no" color="green">
         <name>RESET</name>
         <page_id>0x0</page_id>
         <origin>0x3fffc0</origin>
         <length>0x2</length>
         <used_space>0x0</used_space>
         <unused_space>0x2</unused_space>
         <attributes>RWIX</attributes>
         <usage_details>
         </usage_details>
      </memory_area>
   </placement_map>
   <cptbl_list>
      <cptbl>
         <name>__TI_cinit_table</name>
         <cprec>
            <name>.data</name>
            <load_address>0x12c</load_address>
            <load_size>0xf</load_size>
            <run_address>0xbdaa</run_address>
            <run_size>0x16</run_size>
            <compression>lzss</compression>
         </cprec>
      </cptbl>
   </cptbl_list>
   <handler_table>
      <handler_table_name>__TI_handler_table</handler_table_name>
      <handler>
         <index>0x0</index>
         <name>__TI_decompress_lzss</name>
      </handler>
      <handler>
         <index>0x1</index>
         <name>__TI_decompress_none</name>
      </handler>
   </handler_table>
   <symbol_table>
      <symbol id="sm-1">
         <name>__TI_CINIT_Base</name>
         <value>0x140</value>
      </symbol>
      <symbol id="sm-2">
         <name>__TI_CINIT_Limit</name>
         <value>0x144</value>
      </symbol>
      <symbol id="sm-3">
         <name>__TI_CINIT_Warm</name>
         <value>0x144</value>
      </symbol>
      <symbol id="sm-4">
         <name>__TI_Handler_Table_Base</name>
         <value>0x13c</value>
      </symbol>
      <symbol id="sm-5">
         <name>__TI_Handler_Table_Limit</name>
         <value>0x140</value>
      </symbol>
      <symbol id="sm-6">
         <name>__TI_STACK_SIZE</name>
         <value>0x200</value>
      </symbol>
      <symbol id="sm-7">
         <name>__TI_STACK_END</name>
         <value>0x600</value>
      </symbol>
      <symbol id="sm-8">
         <name>__TI_pprof_out_hndl</name>
         <value>0xffffffff</value>
      </symbol>
      <symbol id="sm-9">
         <name>__TI_prof_data_start</name>
         <value>0xffffffff</value>
      </symbol>
      <symbol id="sm-a">
         <name>__TI_prof_data_size</name>
         <value>0xffffffff</value>
      </symbol>
      <symbol id="sm-248">
         <name>I2C_init</name>
         <value>0xb7c7</value>
         <object_component_ref idref="oc-1a0"/>
      </symbol>
      <symbol id="sm-249">
         <name>BTS71220_chip_select_init</name>
         <value>0xb36b</value>
         <object_component_ref idref="oc-260"/>
      </symbol>
      <symbol id="sm-24a">
         <name>PDRST_SHUNT_init</name>
         <value>0xb4b2</value>
         <object_component_ref idref="oc-26c"/>
      </symbol>
      <symbol id="sm-24b">
         <name>SPI_init</name>
         <value>0xb7ca</value>
         <object_component_ref idref="oc-1a6"/>
      </symbol>
      <symbol id="sm-24c">
         <name>mySPI0_init</name>
         <value>0xad24</value>
         <object_component_ref idref="oc-280"/>
      </symbol>
      <symbol id="sm-24d">
         <name>PinMux_init</name>
         <value>0xa49e</value>
         <object_component_ref idref="oc-17c"/>
      </symbol>
      <symbol id="sm-24e">
         <name>Board_init</name>
         <value>0xb577</value>
         <object_component_ref idref="oc-105"/>
      </symbol>
      <symbol id="sm-24f">
         <name>Aux0_init</name>
         <value>0xb356</value>
         <object_component_ref idref="oc-272"/>
      </symbol>
      <symbol id="sm-250">
         <name>myI2C0_init</name>
         <value>0xa9c0</value>
         <object_component_ref idref="oc-279"/>
      </symbol>
      <symbol id="sm-251">
         <name>LHI_1_init</name>
         <value>0xb3e9</value>
         <object_component_ref idref="oc-266"/>
      </symbol>
      <symbol id="sm-252">
         <name>GPIO_init</name>
         <value>0xb778</value>
         <object_component_ref idref="oc-19a"/>
      </symbol>
      <symbol id="sm-253">
         <name>ADC_init</name>
         <value>0xb7be</value>
         <object_component_ref idref="oc-188"/>
      </symbol>
      <symbol id="sm-254">
         <name>CAN_init</name>
         <value>0xb7c1</value>
         <object_component_ref idref="oc-18e"/>
      </symbol>
      <symbol id="sm-255">
         <name>myADC0_init</name>
         <value>0xa823</value>
         <object_component_ref idref="oc-24b"/>
      </symbol>
      <symbol id="sm-256">
         <name>myCAN0_init</name>
         <value>0xaaf4</value>
         <object_component_ref idref="oc-252"/>
      </symbol>
      <symbol id="sm-257">
         <name>CPUTIMER_init</name>
         <value>0xb7c4</value>
         <object_component_ref idref="oc-194"/>
      </symbol>
      <symbol id="sm-258">
         <name>ASYSCTL_init</name>
         <value>0xb76f</value>
         <object_component_ref idref="oc-182"/>
      </symbol>
      <symbol id="sm-259">
         <name>myCPUTIMER0_init</name>
         <value>0xae1a</value>
         <object_component_ref idref="oc-259"/>
      </symbol>
      <symbol id="sm-26e">
         <name>main</name>
         <value>0xaa00</value>
         <object_component_ref idref="oc-cb"/>
      </symbol>
      <symbol id="sm-2b6">
         <name>getTimer0Count</name>
         <value>0xb70f</value>
         <object_component_ref idref="oc-1b0"/>
      </symbol>
      <symbol id="sm-2b7">
         <name>setMode</name>
         <value>0xadcf</value>
         <object_component_ref idref="oc-115"/>
      </symbol>
      <symbol id="sm-2b8">
         <name>get_modeMessage</name>
         <value>0xac3a</value>
         <object_component_ref idref="oc-10f"/>
      </symbol>
      <symbol id="sm-2b9">
         <name>calculateElapsedTime</name>
         <value>0xb1ec</value>
         <object_component_ref idref="oc-1b6"/>
      </symbol>
      <symbol id="sm-310">
         <name>Device_enableAllPeripherals</name>
         <value>0xa2f9</value>
         <object_component_ref idref="oc-160"/>
      </symbol>
      <symbol id="sm-311">
         <name>Device_initGPIO</name>
         <value>0xb6ff</value>
         <object_component_ref idref="oc-f9"/>
      </symbol>
      <symbol id="sm-312">
         <name>Device_init</name>
         <value>0xabd3</value>
         <object_component_ref idref="oc-f3"/>
      </symbol>
      <symbol id="sm-313">
         <name>__error__</name>
         <value>0xb7b7</value>
         <object_component_ref idref="oc-14e"/>
      </symbol>
      <symbol id="sm-322">
         <name>code_start</name>
         <value>0x0</value>
         <object_component_ref idref="oc-21"/>
      </symbol>
      <symbol id="sm-368">
         <name>BTS71220_writeRegisters</name>
         <value>0xaffa</value>
         <object_component_ref idref="oc-452"/>
      </symbol>
      <symbol id="sm-369">
         <name>BTS71220_readRegisters</name>
         <value>0xaea7</value>
         <object_component_ref idref="oc-44c"/>
      </symbol>
      <symbol id="sm-36a">
         <name>BTS71220_setMultiplexerConfig</name>
         <value>0xadf5</value>
         <object_component_ref idref="oc-446"/>
      </symbol>
      <symbol id="sm-36b">
         <name>BTS71220_channelOutputConfig</name>
         <value>0xaf08</value>
         <object_component_ref idref="oc-2ae"/>
      </symbol>
      <symbol id="sm-3e1">
         <name>BTS71220_loadCurrentCheck</name>
         <value>0xaab8</value>
         <object_component_ref idref="oc-2b4"/>
      </symbol>
      <symbol id="sm-3e2">
         <name>loadPositiveContactorDisable</name>
         <value>0xb4ee</value>
         <object_component_ref idref="oc-2a6"/>
      </symbol>
      <symbol id="sm-3e3">
         <name>loadPositiveContactorEnable</name>
         <value>0xb502</value>
         <object_component_ref idref="oc-1d4"/>
      </symbol>
      <symbol id="sm-3e4">
         <name>preChargeContactorEnable</name>
         <value>0xb52a</value>
         <object_component_ref idref="oc-1ce"/>
      </symbol>
      <symbol id="sm-3e5">
         <name>allContactorDisable</name>
         <value>0xb750</value>
         <object_component_ref idref="oc-1c8"/>
      </symbol>
      <symbol id="sm-3e6">
         <name>preChargeContactorDisable</name>
         <value>0xb516</value>
         <object_component_ref idref="oc-1da"/>
      </symbol>
      <symbol id="sm-3e7">
         <name>BTS71220_readChannelCurrent</name>
         <value>0xa7d3</value>
         <object_component_ref idref="oc-45a"/>
      </symbol>
      <symbol id="sm-3f7">
         <name>ADC_setOffsetTrimAll</name>
         <value>0xaee8</value>
         <object_component_ref idref="oc-32a"/>
      </symbol>
      <symbol id="sm-45b">
         <name>CAN_setBitTiming</name>
         <value>0xa65d</value>
         <object_component_ref idref="oc-379"/>
      </symbol>
      <symbol id="sm-45c">
         <name>CAN_setupMessageObject</name>
         <value>0xa21e</value>
         <object_component_ref idref="oc-37f"/>
      </symbol>
      <symbol id="sm-45d">
         <name>CAN_initModule</name>
         <value>0xb016</value>
         <object_component_ref idref="oc-373"/>
      </symbol>
      <symbol id="sm-45e">
         <name>CAN_readMessage</name>
         <value>0xa592</value>
         <object_component_ref idref="oc-1bc"/>
      </symbol>
      <symbol id="sm-478">
         <name>CPUTimer_setEmulationMode</name>
         <value>0xb58a</value>
         <object_component_ref idref="oc-38c"/>
      </symbol>
      <symbol id="sm-4bf">
         <name>GPIO_setQualificationMode</name>
         <value>0xab66</value>
         <object_component_ref idref="oc-231"/>
      </symbol>
      <symbol id="sm-4c0">
         <name>GPIO_setPadConfig</name>
         <value>0xa781</value>
         <object_component_ref idref="oc-22b"/>
      </symbol>
      <symbol id="sm-4c1">
         <name>GPIO_setAnalogMode</name>
         <value>0xa86b</value>
         <object_component_ref idref="oc-225"/>
      </symbol>
      <symbol id="sm-4c2">
         <name>GPIO_setDirectionMode</name>
         <value>0xac09</value>
         <object_component_ref idref="oc-3bd"/>
      </symbol>
      <symbol id="sm-4c3">
         <name>GPIO_setPinConfig</name>
         <value>0xab2f</value>
         <object_component_ref idref="oc-21f"/>
      </symbol>
      <symbol id="sm-4e5">
         <name>I2C_initController</name>
         <value>0xa6c1</value>
         <object_component_ref idref="oc-3cd"/>
      </symbol>
      <symbol id="sm-51f">
         <name>Interrupt_defaultHandler</name>
         <value>0xb32b</value>
         <object_component_ref idref="oc-26"/>
      </symbol>
      <symbol id="sm-520">
         <name>Interrupt_initModule</name>
         <value>0xaa3e</value>
         <object_component_ref idref="oc-ff"/>
      </symbol>
      <symbol id="sm-521">
         <name>Interrupt_nmiHandler</name>
         <value>0xb765</value>
         <object_component_ref idref="oc-38"/>
      </symbol>
      <symbol id="sm-522">
         <name>Interrupt_initVectorTable</name>
         <value>0xafa2</value>
         <object_component_ref idref="oc-28"/>
      </symbol>
      <symbol id="sm-523">
         <name>Interrupt_illegalOperationHandler</name>
         <value>0xb75b</value>
         <object_component_ref idref="oc-32"/>
      </symbol>
      <symbol id="sm-57b">
         <name>SPI_setConfig</name>
         <value>0xa725</value>
         <object_component_ref idref="oc-410"/>
      </symbol>
      <symbol id="sm-57c">
         <name>SPI_pollingNonFIFOTransaction</name>
         <value>0xac99</value>
         <object_component_ref idref="oc-506"/>
      </symbol>
      <symbol id="sm-68e">
         <name>SysCtl_isPLLValid</name>
         <value>0xa120</value>
         <object_component_ref idref="oc-205"/>
      </symbol>
      <symbol id="sm-68f">
         <name>SysCtl_delay</name>
         <value>0x128</value>
         <object_component_ref idref="oc-10e"/>
      </symbol>
      <symbol id="sm-690">
         <name>SysCtl_selectXTALSingleEnded</name>
         <value>0xaf28</value>
         <object_component_ref idref="oc-2c6"/>
      </symbol>
      <symbol id="sm-691">
         <name>SysCtl_selectXTAL</name>
         <value>0xaa7b</value>
         <object_component_ref idref="oc-2c0"/>
      </symbol>
      <symbol id="sm-692">
         <name>SysCtl_selectOscSource</name>
         <value>0xa97e</value>
         <object_component_ref idref="oc-1f9"/>
      </symbol>
      <symbol id="sm-693">
         <name>SysCtl_getLowSpeedClock</name>
         <value>0xb18a</value>
         <object_component_ref idref="oc-154"/>
      </symbol>
      <symbol id="sm-694">
         <name>SysCtl_setClock</name>
         <value>0xa000</value>
         <object_component_ref idref="oc-13b"/>
      </symbol>
      <symbol id="sm-695">
         <name>SysCtl_getClock</name>
         <value>0xa5f8</value>
         <object_component_ref idref="oc-147"/>
      </symbol>
      <symbol id="sm-69f">
         <name>_c_int00</name>
         <value>0xb2bc</value>
         <object_component_ref idref="oc-71"/>
      </symbol>
      <symbol id="sm-6a0">
         <name>__stack</name>
         <value>0x400</value>
         <object_component_ref idref="oc-3e"/>
      </symbol>
      <symbol id="sm-6ad">
         <name>__c28xabi_cmpd</name>
         <value>0xad7c</value>
         <object_component_ref idref="oc-466"/>
      </symbol>
      <symbol id="sm-6bb">
         <name>__c28xabi_mpyd</name>
         <value>0xa41b</value>
         <object_component_ref idref="oc-529"/>
      </symbol>
      <symbol id="sm-6c8">
         <name>__c28xabi_divf</name>
         <value>0xa393</value>
         <object_component_ref idref="oc-2ce"/>
      </symbol>
      <symbol id="sm-6d4">
         <name>__c28xabi_ftod</name>
         <value>0xb04e</value>
         <object_component_ref idref="oc-460"/>
      </symbol>
      <symbol id="sm-6e0">
         <name>__c28xabi_dtof</name>
         <value>0xae63</value>
         <object_component_ref idref="oc-52e"/>
      </symbol>
      <symbol id="sm-6ed">
         <name>_system_pre_init</name>
         <value>0xb7cd</value>
         <object_component_ref idref="oc-82"/>
      </symbol>
      <symbol id="sm-6fc">
         <name>__TI_auto_init_nobinit_nopinit</name>
         <value>0xad51</value>
         <object_component_ref idref="oc-9b"/>
      </symbol>
      <symbol id="sm-70a">
         <name>__TI_decompress_none</name>
         <value>0xb792</value>
         <object_component_ref idref="oc-1a"/>
      </symbol>
      <symbol id="sm-71e">
         <name>__TI_decompress_lzss</name>
         <value>0xacf6</value>
         <object_component_ref idref="oc-14"/>
      </symbol>
      <symbol id="sm-734">
         <name>C$$EXIT</name>
         <value>0xada6</value>
         <object_component_ref idref="oc-8f"/>
      </symbol>
      <symbol id="sm-735">
         <name>abort</name>
         <value>0xada6</value>
         <object_component_ref idref="oc-8f"/>
      </symbol>
      <symbol id="sm-736">
         <name>exit</name>
         <value>0xada8</value>
         <object_component_ref idref="oc-8f"/>
      </symbol>
      <symbol id="sm-737">
         <name>__TI_dtors_ptr</name>
         <value>0xbdba</value>
         <object_component_ref idref="oc-d3"/>
      </symbol>
      <symbol id="sm-738">
         <name>__TI_cleanup_ptr</name>
         <value>0xbdb8</value>
         <object_component_ref idref="oc-d3"/>
      </symbol>
      <symbol id="sm-739">
         <name>__TI_enable_exit_profile_output</name>
         <value>0xbdb6</value>
         <object_component_ref idref="oc-d3"/>
      </symbol>
      <symbol id="sm-750">
         <name>_nop</name>
         <value>0xb789</value>
         <object_component_ref idref="oc-122"/>
      </symbol>
      <symbol id="sm-751">
         <name>_lock</name>
         <value>0xbdbc</value>
         <object_component_ref idref="oc-d6"/>
      </symbol>
      <symbol id="sm-752">
         <name>_unlock</name>
         <value>0xbdbe</value>
         <object_component_ref idref="oc-1e4"/>
      </symbol>
      <symbol id="sm-753">
         <name>_register_lock</name>
         <value>0xb785</value>
         <object_component_ref idref="oc-122"/>
      </symbol>
      <symbol id="sm-754">
         <name>_register_unlock</name>
         <value>0xb781</value>
         <object_component_ref idref="oc-122"/>
      </symbol>
      <symbol id="sm-763">
         <name>_args_main</name>
         <value>0xb739</value>
         <object_component_ref idref="oc-89"/>
      </symbol>
      <symbol id="sm-777">
         <name>memcpy</name>
         <value>0xafdd</value>
         <object_component_ref idref="oc-41"/>
      </symbol>
      <symbol id="sm-784">
         <name>_system_post_cinit</name>
         <value>0xb7cf</value>
         <object_component_ref idref="oc-de"/>
      </symbol>
      <symbol id="sm-786">
         <name>AllContactorDisable</name>
         <value>0x0</value>
      </symbol>
      <symbol id="sm-787">
         <name>__c_args__</name>
         <value>0x0</value>
      </symbol>
   </symbol_table>
   <title>Link errors: red sections failed placement</title>
</link_info>
