<?xml version="1.0" encoding="ISO-8859-1" ?>
<link_info>
   <banner>TMS320C2000 Linker PC v22.6.0.LTS</banner>
   <copyright>Copyright (c) 1996-2018 Texas Instruments Incorporated</copyright>
   <link_time>0x65b0b509</link_time>
   <link_errors>0x0</link_errors>
   <output_file>Battery_Management_System.out</output_file>
   <entry_point>
      <name>code_start</name>
      <address>0x80000</address>
   </entry_point>
   <input_file_list>
      <input_file id="fl-2">
         <path>.\syscfg\</path>
         <kind>object</kind>
         <file>board.obj</file>
         <name>board.obj</name>
      </input_file>
      <input_file id="fl-3">
         <path>.\syscfg\</path>
         <kind>object</kind>
         <file>c2000ware_libraries.obj</file>
         <name>c2000ware_libraries.obj</name>
      </input_file>
      <input_file id="fl-4">
         <path>.\</path>
         <kind>object</kind>
         <file>main.obj</file>
         <name>main.obj</name>
      </input_file>
      <input_file id="fl-5">
         <path>.\App\src\</path>
         <kind>object</kind>
         <file>app.obj</file>
         <name>app.obj</name>
      </input_file>
      <input_file id="fl-6">
         <path>.\device\</path>
         <kind>object</kind>
         <file>device.obj</file>
         <name>device.obj</name>
      </input_file>
      <input_file id="fl-7">
         <path>.\device\</path>
         <kind>object</kind>
         <file>f28002x_codestartbranch.obj</file>
         <name>f28002x_codestartbranch.obj</name>
      </input_file>
      <input_file id="fl-8">
         <path>.\drivers\src\</path>
         <kind>object</kind>
         <file>HW_AD7171.obj</file>
         <name>HW_AD7171.obj</name>
      </input_file>
      <input_file id="fl-9">
         <path>.\drivers\src\</path>
         <kind>object</kind>
         <file>HW_BQ79616-Q1.obj</file>
         <name>HW_BQ79616-Q1.obj</name>
      </input_file>
      <input_file id="fl-a">
         <path>.\drivers\src\</path>
         <kind>object</kind>
         <file>HW_BTS712204ESAXUMA1.obj</file>
         <name>HW_BTS712204ESAXUMA1.obj</name>
      </input_file>
      <input_file id="fl-b">
         <path>.\drivers\src\</path>
         <kind>object</kind>
         <file>HW_IS25LP256D-JLLA3.obj</file>
         <name>HW_IS25LP256D-JLLA3.obj</name>
      </input_file>
      <input_file id="fl-c">
         <path>.\drivers\src\</path>
         <kind>object</kind>
         <file>HW_PCA85073ADP.obj</file>
         <name>HW_PCA85073ADP.obj</name>
      </input_file>
      <input_file id="fl-d">
         <path>.\middleware\src\</path>
         <kind>object</kind>
         <file>MW_AD7171.obj</file>
         <name>MW_AD7171.obj</name>
      </input_file>
      <input_file id="fl-e">
         <path>.\middleware\src\</path>
         <kind>object</kind>
         <file>MW_BTS712204ESAXUMA1.obj</file>
         <name>MW_BTS712204ESAXUMA1.obj</name>
      </input_file>
      <input_file id="fl-f">
         <path>.\middleware\src\</path>
         <kind>object</kind>
         <file>MW_PCA85073ADP.obj</file>
         <name>MW_PCA85073ADP.obj</name>
      </input_file>
      <input_file id="fl-15">
         <kind>object</kind>
         <file>&lt;internal&gt;</file>
         <name>&lt;internal&gt;</name>
      </input_file>
      <input_file id="fl-16">
         <path>C:\ti\C2000Ware_5_00_00_00\driverlib\f28002x\driverlib\ccs\Debug\</path>
         <kind>archive</kind>
         <file>driverlib.lib</file>
         <name>adc.obj</name>
      </input_file>
      <input_file id="fl-17">
         <path>C:\ti\C2000Ware_5_00_00_00\driverlib\f28002x\driverlib\ccs\Debug\</path>
         <kind>archive</kind>
         <file>driverlib.lib</file>
         <name>can.obj</name>
      </input_file>
      <input_file id="fl-18">
         <path>C:\ti\C2000Ware_5_00_00_00\driverlib\f28002x\driverlib\ccs\Debug\</path>
         <kind>archive</kind>
         <file>driverlib.lib</file>
         <name>cputimer.obj</name>
      </input_file>
      <input_file id="fl-19">
         <path>C:\ti\C2000Ware_5_00_00_00\driverlib\f28002x\driverlib\ccs\Debug\</path>
         <kind>archive</kind>
         <file>driverlib.lib</file>
         <name>dcc.obj</name>
      </input_file>
      <input_file id="fl-1a">
         <path>C:\ti\C2000Ware_5_00_00_00\driverlib\f28002x\driverlib\ccs\Debug\</path>
         <kind>archive</kind>
         <file>driverlib.lib</file>
         <name>flash.obj</name>
      </input_file>
      <input_file id="fl-1b">
         <path>C:\ti\C2000Ware_5_00_00_00\driverlib\f28002x\driverlib\ccs\Debug\</path>
         <kind>archive</kind>
         <file>driverlib.lib</file>
         <name>gpio.obj</name>
      </input_file>
      <input_file id="fl-1c">
         <path>C:\ti\C2000Ware_5_00_00_00\driverlib\f28002x\driverlib\ccs\Debug\</path>
         <kind>archive</kind>
         <file>driverlib.lib</file>
         <name>i2c.obj</name>
      </input_file>
      <input_file id="fl-1d">
         <path>C:\ti\C2000Ware_5_00_00_00\driverlib\f28002x\driverlib\ccs\Debug\</path>
         <kind>archive</kind>
         <file>driverlib.lib</file>
         <name>interrupt.obj</name>
      </input_file>
      <input_file id="fl-1e">
         <path>C:\ti\C2000Ware_5_00_00_00\driverlib\f28002x\driverlib\ccs\Debug\</path>
         <kind>archive</kind>
         <file>driverlib.lib</file>
         <name>spi.obj</name>
      </input_file>
      <input_file id="fl-1f">
         <path>C:\ti\C2000Ware_5_00_00_00\driverlib\f28002x\driverlib\ccs\Debug\</path>
         <kind>archive</kind>
         <file>driverlib.lib</file>
         <name>sysctl.obj</name>
      </input_file>
      <input_file id="fl-2b">
         <path>C:\ti\ccs1230\ccs\tools\compiler\ti-cgt-c2000_22.6.0.LTS\lib\</path>
         <kind>archive</kind>
         <file>rts2800_fpu32_eabi.lib</file>
         <name>boot28.asm.obj</name>
      </input_file>
      <input_file id="fl-2c">
         <path>C:\ti\ccs1230\ccs\tools\compiler\ti-cgt-c2000_22.6.0.LTS\lib\</path>
         <kind>archive</kind>
         <file>rts2800_fpu32_eabi.lib</file>
         <name>fd_add28.asm.obj</name>
      </input_file>
      <input_file id="fl-2d">
         <path>C:\ti\ccs1230\ccs\tools\compiler\ti-cgt-c2000_22.6.0.LTS\lib\</path>
         <kind>archive</kind>
         <file>rts2800_fpu32_eabi.lib</file>
         <name>fd_cmp28.asm.obj</name>
      </input_file>
      <input_file id="fl-2e">
         <path>C:\ti\ccs1230\ccs\tools\compiler\ti-cgt-c2000_22.6.0.LTS\lib\</path>
         <kind>archive</kind>
         <file>rts2800_fpu32_eabi.lib</file>
         <name>fd_mpy28.asm.obj</name>
      </input_file>
      <input_file id="fl-2f">
         <path>C:\ti\ccs1230\ccs\tools\compiler\ti-cgt-c2000_22.6.0.LTS\lib\</path>
         <kind>archive</kind>
         <file>rts2800_fpu32_eabi.lib</file>
         <name>fs_div28.asm.obj</name>
      </input_file>
      <input_file id="fl-30">
         <path>C:\ti\ccs1230\ccs\tools\compiler\ti-cgt-c2000_22.6.0.LTS\lib\</path>
         <kind>archive</kind>
         <file>rts2800_fpu32_eabi.lib</file>
         <name>fs_tofdfpu32.asm.obj</name>
      </input_file>
      <input_file id="fl-31">
         <path>C:\ti\ccs1230\ccs\tools\compiler\ti-cgt-c2000_22.6.0.LTS\lib\</path>
         <kind>archive</kind>
         <file>rts2800_fpu32_eabi.lib</file>
         <name>fd_tofsfpu32.asm.obj</name>
      </input_file>
      <input_file id="fl-32">
         <path>C:\ti\ccs1230\ccs\tools\compiler\ti-cgt-c2000_22.6.0.LTS\lib\</path>
         <kind>archive</kind>
         <file>rts2800_fpu32_eabi.lib</file>
         <name>memcpy.c.obj</name>
      </input_file>
      <input_file id="fl-33">
         <path>C:\ti\ccs1230\ccs\tools\compiler\ti-cgt-c2000_22.6.0.LTS\lib\</path>
         <kind>archive</kind>
         <file>rts2800_fpu32_eabi.lib</file>
         <name>pre_init.c.obj</name>
      </input_file>
      <input_file id="fl-34">
         <path>C:\ti\ccs1230\ccs\tools\compiler\ti-cgt-c2000_22.6.0.LTS\lib\</path>
         <kind>archive</kind>
         <file>rts2800_fpu32_eabi.lib</file>
         <name>autoinit.c.obj</name>
      </input_file>
      <input_file id="fl-35">
         <path>C:\ti\ccs1230\ccs\tools\compiler\ti-cgt-c2000_22.6.0.LTS\lib\</path>
         <kind>archive</kind>
         <file>rts2800_fpu32_eabi.lib</file>
         <name>copy_zero_init.c.obj</name>
      </input_file>
      <input_file id="fl-36">
         <path>C:\ti\ccs1230\ccs\tools\compiler\ti-cgt-c2000_22.6.0.LTS\lib\</path>
         <kind>archive</kind>
         <file>rts2800_fpu32_eabi.lib</file>
         <name>copy_decompress_none.c.obj</name>
      </input_file>
      <input_file id="fl-37">
         <path>C:\ti\ccs1230\ccs\tools\compiler\ti-cgt-c2000_22.6.0.LTS\lib\</path>
         <kind>archive</kind>
         <file>rts2800_fpu32_eabi.lib</file>
         <name>copy_decompress_lzss.c.obj</name>
      </input_file>
      <input_file id="fl-38">
         <path>C:\ti\ccs1230\ccs\tools\compiler\ti-cgt-c2000_22.6.0.LTS\lib\</path>
         <kind>archive</kind>
         <file>rts2800_fpu32_eabi.lib</file>
         <name>exit.c.obj</name>
      </input_file>
      <input_file id="fl-39">
         <path>C:\ti\ccs1230\ccs\tools\compiler\ti-cgt-c2000_22.6.0.LTS\lib\</path>
         <kind>archive</kind>
         <file>rts2800_fpu32_eabi.lib</file>
         <name>_lock.c.obj</name>
      </input_file>
      <input_file id="fl-3a">
         <path>C:\ti\ccs1230\ccs\tools\compiler\ti-cgt-c2000_22.6.0.LTS\lib\</path>
         <kind>archive</kind>
         <file>rts2800_fpu32_eabi.lib</file>
         <name>args_main.c.obj</name>
      </input_file>
      <input_file id="fl-3b">
         <path>C:\ti\ccs1230\ccs\tools\compiler\ti-cgt-c2000_22.6.0.LTS\lib\</path>
         <kind>archive</kind>
         <file>rts2800_fpu32_eabi.lib</file>
         <name>memset.c.obj</name>
      </input_file>
      <input_file id="fl-3c">
         <path>C:\ti\ccs1230\ccs\tools\compiler\ti-cgt-c2000_22.6.0.LTS\lib\</path>
         <kind>archive</kind>
         <file>rts2800_fpu32_eabi.lib</file>
         <name>cpy_tbl.c.obj</name>
      </input_file>
      <input_file id="fl-3d">
         <path>C:\ti\ccs1230\ccs\tools\compiler\ti-cgt-c2000_22.6.0.LTS\lib\</path>
         <kind>archive</kind>
         <file>rts2800_fpu32_eabi.lib</file>
         <name>startup.c.obj</name>
      </input_file>
   </input_file_list>
   <object_component_list>
      <object_component id="oc-21">
         <name>codestart</name>
         <load_address>0x80000</load_address>
         <run_address>0x80000</run_address>
         <size>0x2</size>
         <input_file_ref idref="fl-7"/>
      </object_component>
      <object_component id="oc-13e">
         <name>.text:SysCtl_setClock</name>
         <load_address>0x82000</load_address>
         <run_address>0x82000</run_address>
         <size>0x120</size>
         <input_file_ref idref="fl-1f"/>
      </object_component>
      <object_component id="oc-21c">
         <name>.text:SysCtl_isPLLValid</name>
         <load_address>0x82120</load_address>
         <run_address>0x82120</run_address>
         <size>0xfe</size>
         <input_file_ref idref="fl-1f"/>
      </object_component>
      <object_component id="oc-380">
         <name>.text:CAN_setupMessageObject</name>
         <load_address>0x8221e</load_address>
         <run_address>0x8221e</run_address>
         <size>0xdb</size>
         <input_file_ref idref="fl-17"/>
      </object_component>
      <object_component id="oc-15d">
         <name>.text:Device_enableAllPeripherals</name>
         <load_address>0x822f9</load_address>
         <run_address>0x822f9</run_address>
         <size>0x9a</size>
         <input_file_ref idref="fl-6"/>
      </object_component>
      <object_component id="oc-2cf">
         <name>.text</name>
         <load_address>0x82393</load_address>
         <run_address>0x82393</run_address>
         <size>0x88</size>
         <input_file_ref idref="fl-2f"/>
      </object_component>
      <object_component id="oc-520">
         <name>.text</name>
         <load_address>0x8241b</load_address>
         <run_address>0x8241b</run_address>
         <size>0x83</size>
         <input_file_ref idref="fl-2e"/>
      </object_component>
      <object_component id="oc-179">
         <name>.text:PinMux_init</name>
         <load_address>0x8249e</load_address>
         <run_address>0x8249e</run_address>
         <size>0x81</size>
         <input_file_ref idref="fl-2"/>
      </object_component>
      <object_component id="oc-304">
         <name>.text:DCC_setCounterSeeds</name>
         <load_address>0x8251f</load_address>
         <run_address>0x8251f</run_address>
         <size>0x73</size>
         <input_file_ref idref="fl-1f"/>
      </object_component>
      <object_component id="oc-14a">
         <name>.text:SysCtl_getClock</name>
         <load_address>0x82592</load_address>
         <run_address>0x82592</run_address>
         <size>0x65</size>
         <input_file_ref idref="fl-1f"/>
      </object_component>
      <object_component id="oc-37a">
         <name>.text:CAN_setBitTiming</name>
         <load_address>0x825f7</load_address>
         <run_address>0x825f7</run_address>
         <size>0x64</size>
         <input_file_ref idref="fl-17"/>
      </object_component>
      <object_component id="oc-3ce">
         <name>.text:I2C_initController</name>
         <load_address>0x8265b</load_address>
         <run_address>0x8265b</run_address>
         <size>0x64</size>
         <input_file_ref idref="fl-1c"/>
      </object_component>
      <object_component id="oc-411">
         <name>.text:SPI_setConfig</name>
         <load_address>0x826bf</load_address>
         <run_address>0x826bf</run_address>
         <size>0x5c</size>
         <input_file_ref idref="fl-1e"/>
      </object_component>
      <object_component id="oc-241">
         <name>.text:GPIO_setPadConfig</name>
         <load_address>0x8271b</load_address>
         <run_address>0x8271b</run_address>
         <size>0x52</size>
         <input_file_ref idref="fl-1b"/>
      </object_component>
      <object_component id="oc-44a">
         <name>.text:BTS71220_readChannelCurrent</name>
         <load_address>0x8276d</load_address>
         <run_address>0x8276d</run_address>
         <size>0x50</size>
         <input_file_ref idref="fl-e"/>
      </object_component>
      <object_component id="oc-f9">
         <name>.text:Device_init</name>
         <load_address>0x827bd</load_address>
         <run_address>0x827bd</run_address>
         <size>0x49</size>
         <input_file_ref idref="fl-6"/>
      </object_component>
      <object_component id="oc-261">
         <name>.text:myADC0_init</name>
         <load_address>0x82806</load_address>
         <run_address>0x82806</run_address>
         <size>0x48</size>
         <input_file_ref idref="fl-2"/>
      </object_component>
      <object_component id="oc-23b">
         <name>.text:GPIO_setAnalogMode</name>
         <load_address>0x8284e</load_address>
         <run_address>0x8284e</run_address>
         <size>0x46</size>
         <input_file_ref idref="fl-1b"/>
      </object_component>
      <object_component id="oc-45c">
         <name>.text:SysCtl_pollX1Counter</name>
         <load_address>0x82894</load_address>
         <run_address>0x82894</run_address>
         <size>0x45</size>
         <input_file_ref idref="fl-1f"/>
      </object_component>
      <object_component id="oc-4f7">
         <name>.text:GPIO_writePin</name>
         <load_address>0x828d9</load_address>
         <run_address>0x828d9</run_address>
         <size>0x44</size>
         <input_file_ref idref="fl-a"/>
      </object_component>
      <object_component id="oc-3b8">
         <name>.text:GPIO_writePin</name>
         <load_address>0x8291d</load_address>
         <run_address>0x8291d</run_address>
         <size>0x44</size>
         <input_file_ref idref="fl-2"/>
      </object_component>
      <object_component id="oc-210">
         <name>.text:SysCtl_selectOscSource</name>
         <load_address>0x82961</load_address>
         <run_address>0x82961</run_address>
         <size>0x42</size>
         <input_file_ref idref="fl-1f"/>
      </object_component>
      <object_component id="oc-28f">
         <name>.text:myI2C0_init</name>
         <load_address>0x829a3</load_address>
         <run_address>0x829a3</run_address>
         <size>0x40</size>
         <input_file_ref idref="fl-2"/>
      </object_component>
      <object_component id="oc-105">
         <name>.text:Interrupt_initModule</name>
         <load_address>0x829e3</load_address>
         <run_address>0x829e3</run_address>
         <size>0x3d</size>
         <input_file_ref idref="fl-1d"/>
      </object_component>
      <object_component id="oc-2c1">
         <name>.text:SysCtl_selectXTAL</name>
         <load_address>0x82a20</load_address>
         <run_address>0x82a20</run_address>
         <size>0x3d</size>
         <input_file_ref idref="fl-1f"/>
      </object_component>
      <object_component id="oc-2a6">
         <name>.text:BTS71220_loadCurrentCheck</name>
         <load_address>0x82a5d</load_address>
         <run_address>0x82a5d</run_address>
         <size>0x3c</size>
         <input_file_ref idref="fl-e"/>
      </object_component>
      <object_component id="oc-268">
         <name>.text:myCAN0_init</name>
         <load_address>0x82a99</load_address>
         <run_address>0x82a99</run_address>
         <size>0x3b</size>
         <input_file_ref idref="fl-2"/>
      </object_component>
      <object_component id="oc-235">
         <name>.text:GPIO_setPinConfig</name>
         <load_address>0x82ad4</load_address>
         <run_address>0x82ad4</run_address>
         <size>0x37</size>
         <input_file_ref idref="fl-1b"/>
      </object_component>
      <object_component id="oc-247">
         <name>.text:GPIO_setQualificationMode</name>
         <load_address>0x82b0b</load_address>
         <run_address>0x82b0b</run_address>
         <size>0x37</size>
         <input_file_ref idref="fl-1b"/>
      </object_component>
      <object_component id="oc-34f">
         <name>.text:ADC_setupSOC</name>
         <load_address>0x82b42</load_address>
         <run_address>0x82b42</run_address>
         <size>0x36</size>
         <input_file_ref idref="fl-2"/>
      </object_component>
      <object_component id="oc-3be">
         <name>.text:GPIO_setDirectionMode</name>
         <load_address>0x82b78</load_address>
         <run_address>0x82b78</run_address>
         <size>0x31</size>
         <input_file_ref idref="fl-1b"/>
      </object_component>
      <object_component id="oc-35b">
         <name>.text:ADC_setInterruptSource</name>
         <load_address>0x82ba9</load_address>
         <run_address>0x82ba9</run_address>
         <size>0x2f</size>
         <input_file_ref idref="fl-2"/>
      </object_component>
      <object_component id="oc-4fd">
         <name>.text:SPI_pollingNonFIFOTransaction</name>
         <load_address>0x82bd8</load_address>
         <run_address>0x82bd8</run_address>
         <size>0x2f</size>
         <input_file_ref idref="fl-1e"/>
      </object_component>
      <object_component id="oc-355">
         <name>.text:ADC_setInterruptSOCTrigger</name>
         <load_address>0x82c07</load_address>
         <run_address>0x82c07</run_address>
         <size>0x2e</size>
         <input_file_ref idref="fl-2"/>
      </object_component>
      <object_component id="oc-14">
         <name>.text:decompress:lzss</name>
         <load_address>0x82c35</load_address>
         <run_address>0x82c35</run_address>
         <size>0x2e</size>
         <input_file_ref idref="fl-37"/>
      </object_component>
      <object_component id="oc-296">
         <name>.text:mySPI0_init</name>
         <load_address>0x82c63</load_address>
         <run_address>0x82c63</run_address>
         <size>0x2d</size>
         <input_file_ref idref="fl-2"/>
      </object_component>
      <object_component id="oc-a1">
         <name>.text:__TI_auto_init_nobinit_nopinit</name>
         <load_address>0x82c90</load_address>
         <run_address>0x82c90</run_address>
         <size>0x2b</size>
         <input_file_ref idref="fl-34"/>
      </object_component>
      <object_component id="oc-456">
         <name>.text</name>
         <load_address>0x82cbb</load_address>
         <run_address>0x82cbb</run_address>
         <size>0x2a</size>
         <input_file_ref idref="fl-2d"/>
      </object_component>
      <object_component id="oc-95">
         <name>.text</name>
         <load_address>0x82ce5</load_address>
         <run_address>0x82ce5</run_address>
         <size>0x29</size>
         <input_file_ref idref="fl-38"/>
      </object_component>
      <object_component id="oc-436">
         <name>.text:BTS71220_setMultiplexerConfig</name>
         <load_address>0x82d0e</load_address>
         <run_address>0x82d0e</run_address>
         <size>0x25</size>
         <input_file_ref idref="fl-a"/>
      </object_component>
      <object_component id="oc-26f">
         <name>.text:myCPUTIMER0_init</name>
         <load_address>0x82d33</load_address>
         <run_address>0x82d33</run_address>
         <size>0x25</size>
         <input_file_ref idref="fl-2"/>
      </object_component>
      <object_component id="oc-30a">
         <name>.text:DCC_enableSingleShotMode</name>
         <load_address>0x82d58</load_address>
         <run_address>0x82d58</run_address>
         <size>0x24</size>
         <input_file_ref idref="fl-1f"/>
      </object_component>
      <object_component id="oc-525">
         <name>.text</name>
         <load_address>0x82d7c</load_address>
         <run_address>0x82d7c</run_address>
         <size>0x23</size>
         <input_file_ref idref="fl-31"/>
      </object_component>
      <object_component id="oc-367">
         <name>.text:ADC_disableContinuousMode</name>
         <load_address>0x82d9f</load_address>
         <run_address>0x82d9f</run_address>
         <size>0x21</size>
         <input_file_ref idref="fl-2"/>
      </object_component>
      <object_component id="oc-43c">
         <name>.text:BTS71220_readRegisters</name>
         <load_address>0x82dc0</load_address>
         <run_address>0x82dc0</run_address>
         <size>0x21</size>
         <input_file_ref idref="fl-a"/>
      </object_component>
      <object_component id="oc-36d">
         <name>.text:ADC_enableInterrupt</name>
         <load_address>0x82de1</load_address>
         <run_address>0x82de1</run_address>
         <size>0x20</size>
         <input_file_ref idref="fl-2"/>
      </object_component>
      <object_component id="oc-32b">
         <name>.text:ADC_setOffsetTrimAll</name>
         <load_address>0x82e01</load_address>
         <run_address>0x82e01</run_address>
         <size>0x20</size>
         <input_file_ref idref="fl-16"/>
      </object_component>
      <object_component id="oc-2a0">
         <name>.text:BTS71220_channelOutputConfig</name>
         <load_address>0x82e21</load_address>
         <run_address>0x82e21</run_address>
         <size>0x20</size>
         <input_file_ref idref="fl-a"/>
      </object_component>
      <object_component id="oc-2c7">
         <name>.text:SysCtl_selectXTALSingleEnded</name>
         <load_address>0x82e41</load_address>
         <run_address>0x82e41</run_address>
         <size>0x20</size>
         <input_file_ref idref="fl-1f"/>
      </object_component>
      <object_component id="oc-349">
         <name>.text:ADC_setSOCPriority</name>
         <load_address>0x82e61</load_address>
         <run_address>0x82e61</run_address>
         <size>0x1e</size>
         <input_file_ref idref="fl-2"/>
      </object_component>
      <object_component id="oc-2f8">
         <name>.text:DCC_setCounter0ClkSource</name>
         <load_address>0x82e7f</load_address>
         <run_address>0x82e7f</run_address>
         <size>0x1e</size>
         <input_file_ref idref="fl-1f"/>
      </object_component>
      <object_component id="oc-2fe">
         <name>.text:DCC_setCounter1ClkSource</name>
         <load_address>0x82e9d</load_address>
         <run_address>0x82e9d</run_address>
         <size>0x1e</size>
         <input_file_ref idref="fl-1f"/>
      </object_component>
      <object_component id="oc-2d">
         <name>.text:Interrupt_initVectorTable</name>
         <load_address>0x82ebb</load_address>
         <run_address>0x82ebb</run_address>
         <size>0x1e</size>
         <input_file_ref idref="fl-1d"/>
      </object_component>
      <object_component id="oc-50e">
         <name>.text:ADC_getInterruptStatus</name>
         <load_address>0x82ed9</load_address>
         <run_address>0x82ed9</run_address>
         <size>0x1d</size>
         <input_file_ref idref="fl-e"/>
      </object_component>
      <object_component id="oc-47">
         <name>.text</name>
         <load_address>0x82ef6</load_address>
         <run_address>0x82ef6</run_address>
         <size>0x1d</size>
         <input_file_ref idref="fl-32"/>
      </object_component>
      <object_component id="oc-442">
         <name>.text:BTS71220_writeRegisters</name>
         <load_address>0x82f13</load_address>
         <run_address>0x82f13</run_address>
         <size>0x1c</size>
         <input_file_ref idref="fl-a"/>
      </object_component>
      <object_component id="oc-374">
         <name>.text:CAN_initModule</name>
         <load_address>0x82f2f</load_address>
         <run_address>0x82f2f</run_address>
         <size>0x1c</size>
         <input_file_ref idref="fl-17"/>
      </object_component>
      <object_component id="oc-552">
         <name>.text:SPI_setcharLength</name>
         <load_address>0x82f4b</load_address>
         <run_address>0x82f4b</run_address>
         <size>0x1c</size>
         <input_file_ref idref="fl-1e"/>
      </object_component>
      <object_component id="oc-450">
         <name>.text</name>
         <load_address>0x82f67</load_address>
         <run_address>0x82f67</run_address>
         <size>0x1c</size>
         <input_file_ref idref="fl-30"/>
      </object_component>
      <object_component id="oc-3da">
         <name>.text:I2C_setTargetAddress</name>
         <load_address>0x82f83</load_address>
         <run_address>0x82f83</run_address>
         <size>0x1b</size>
         <input_file_ref idref="fl-2"/>
      </object_component>
      <object_component id="oc-25a">
         <name>.text:ASysCtl_setAnalogReference1P65</name>
         <load_address>0x82f9e</load_address>
         <run_address>0x82f9e</run_address>
         <size>0x1a</size>
         <input_file_ref idref="fl-2"/>
      </object_component>
      <object_component id="oc-49a">
         <name>.text:CAN_initRAM</name>
         <load_address>0x82fb8</load_address>
         <run_address>0x82fb8</run_address>
         <size>0x1a</size>
         <input_file_ref idref="fl-17"/>
      </object_component>
      <object_component id="oc-3b1">
         <name>.text:CPUTimer_startTimer</name>
         <load_address>0x82fd2</load_address>
         <run_address>0x82fd2</run_address>
         <size>0x1a</size>
         <input_file_ref idref="fl-2"/>
      </object_component>
      <object_component id="oc-514">
         <name>.text:ADC_clearInterruptStatus</name>
         <load_address>0x82fec</load_address>
         <run_address>0x82fec</run_address>
         <size>0x14</size>
         <input_file_ref idref="fl-e"/>
      </object_component>
      <object_component id="oc-3f2">
         <name>.text:I2C_setAddressMode</name>
         <load_address>0x83000</load_address>
         <run_address>0x83000</run_address>
         <size>0x1a</size>
         <input_file_ref idref="fl-2"/>
      </object_component>
      <object_component id="oc-3e6">
         <name>.text:I2C_setBitCount</name>
         <load_address>0x8301a</load_address>
         <run_address>0x8301a</run_address>
         <size>0x1a</size>
         <input_file_ref idref="fl-2"/>
      </object_component>
      <object_component id="oc-3d4">
         <name>.text:I2C_setConfig</name>
         <load_address>0x83034</load_address>
         <run_address>0x83034</run_address>
         <size>0x1a</size>
         <input_file_ref idref="fl-2"/>
      </object_component>
      <object_component id="oc-3fe">
         <name>.text:I2C_setEmulationMode</name>
         <load_address>0x8304e</load_address>
         <run_address>0x8304e</run_address>
         <size>0x1a</size>
         <input_file_ref idref="fl-2"/>
      </object_component>
      <object_component id="oc-429">
         <name>.text:SPI_setEmulationMode</name>
         <load_address>0x83068</load_address>
         <run_address>0x83068</run_address>
         <size>0x1a</size>
         <input_file_ref idref="fl-2"/>
      </object_component>
      <object_component id="oc-417">
         <name>.text:SPI_setPTESignalPolarity</name>
         <load_address>0x83082</load_address>
         <run_address>0x83082</run_address>
         <size>0x1a</size>
         <input_file_ref idref="fl-2"/>
      </object_component>
      <object_component id="oc-157">
         <name>.text:SysCtl_getLowSpeedClock</name>
         <load_address>0x8309c</load_address>
         <run_address>0x8309c</run_address>
         <size>0x1a</size>
         <input_file_ref idref="fl-1f"/>
      </object_component>
      <object_component id="oc-254">
         <name>.text:ASysCtl_setAnalogReferenceInternal</name>
         <load_address>0x830b6</load_address>
         <run_address>0x830b6</run_address>
         <size>0x18</size>
         <input_file_ref idref="fl-2"/>
      </object_component>
      <object_component id="oc-3f8">
         <name>.text:I2C_enableFIFO</name>
         <load_address>0x830ce</load_address>
         <run_address>0x830ce</run_address>
         <size>0x18</size>
         <input_file_ref idref="fl-2"/>
      </object_component>
      <object_component id="oc-41d">
         <name>.text:SPI_disableFIFO</name>
         <load_address>0x830e6</load_address>
         <run_address>0x830e6</run_address>
         <size>0x18</size>
         <input_file_ref idref="fl-2"/>
      </object_component>
      <object_component id="oc-508">
         <name>.text:ADC_forceSOC</name>
         <load_address>0x830fe</load_address>
         <run_address>0x830fe</run_address>
         <size>0x17</size>
         <input_file_ref idref="fl-e"/>
      </object_component>
      <object_component id="oc-4b4">
         <name>.text:CPUTimer_isBaseValid</name>
         <load_address>0x83115</load_address>
         <run_address>0x83115</run_address>
         <size>0x17</size>
         <input_file_ref idref="fl-2"/>
      </object_component>
      <object_component id="oc-4ab">
         <name>.text:CPUTimer_isBaseValid</name>
         <load_address>0x8312c</load_address>
         <run_address>0x8312c</run_address>
         <size>0x17</size>
         <input_file_ref idref="fl-18"/>
      </object_component>
      <object_component id="oc-393">
         <name>.text:CPUTimer_setPreScaler</name>
         <load_address>0x83143</load_address>
         <run_address>0x83143</run_address>
         <size>0x17</size>
         <input_file_ref idref="fl-2"/>
      </object_component>
      <object_component id="oc-558">
         <name>.text:SPI_writeDataBlockingNonFIFO</name>
         <load_address>0x8315a</load_address>
         <run_address>0x8315a</run_address>
         <size>0x17</size>
         <input_file_ref idref="fl-1e"/>
      </object_component>
      <object_component id="oc-228">
         <name>.text:SysCtl_enablePeripheral</name>
         <load_address>0x83171</load_address>
         <run_address>0x83171</run_address>
         <size>0x17</size>
         <input_file_ref idref="fl-6"/>
      </object_component>
      <object_component id="oc-2d4">
         <name>.text:SysCtl_enablePeripheral</name>
         <load_address>0x83188</load_address>
         <run_address>0x83188</run_address>
         <size>0x17</size>
         <input_file_ref idref="fl-1f"/>
      </object_component>
      <object_component id="oc-77">
         <name>.text</name>
         <load_address>0x8319f</load_address>
         <run_address>0x8319f</run_address>
         <size>0x17</size>
         <input_file_ref idref="fl-2b"/>
      </object_component>
      <object_component id="oc-51a">
         <name>.text:ADC_readResult</name>
         <load_address>0x831b6</load_address>
         <run_address>0x831b6</run_address>
         <size>0x16</size>
         <input_file_ref idref="fl-e"/>
      </object_component>
      <object_component id="oc-337">
         <name>.text:ADC_setInterruptPulseMode</name>
         <load_address>0x831cc</load_address>
         <run_address>0x831cc</run_address>
         <size>0x16</size>
         <input_file_ref idref="fl-2"/>
      </object_component>
      <object_component id="oc-331">
         <name>.text:ADC_setPrescaler</name>
         <load_address>0x831e2</load_address>
         <run_address>0x831e2</run_address>
         <size>0x16</size>
         <input_file_ref idref="fl-2"/>
      </object_component>
      <object_component id="oc-2f2">
         <name>.text:DCC_disableDoneSignal</name>
         <load_address>0x831f8</load_address>
         <run_address>0x831f8</run_address>
         <size>0x16</size>
         <input_file_ref idref="fl-1f"/>
      </object_component>
      <object_component id="oc-2c">
         <name>.text:Interrupt_defaultHandler</name>
         <load_address>0x8320e</load_address>
         <run_address>0x8320e</run_address>
         <size>0x16</size>
         <input_file_ref idref="fl-1d"/>
      </object_component>
      <object_component id="oc-343">
         <name>.text:ADC_disableBurstMode</name>
         <load_address>0x83224</load_address>
         <run_address>0x83224</run_address>
         <size>0x15</size>
         <input_file_ref idref="fl-2"/>
      </object_component>
      <object_component id="oc-288">
         <name>.text:Aux0_init</name>
         <load_address>0x83239</load_address>
         <run_address>0x83239</run_address>
         <size>0x15</size>
         <input_file_ref idref="fl-2"/>
      </object_component>
      <object_component id="oc-276">
         <name>.text:BTS71220_chip_select_init</name>
         <load_address>0x8324e</load_address>
         <run_address>0x8324e</run_address>
         <size>0x15</size>
         <input_file_ref idref="fl-2"/>
      </object_component>
      <object_component id="oc-2e0">
         <name>.text:DCC_clearDoneFlag</name>
         <load_address>0x83263</load_address>
         <run_address>0x83263</run_address>
         <size>0x15</size>
         <input_file_ref idref="fl-1f"/>
      </object_component>
      <object_component id="oc-2da">
         <name>.text:DCC_clearErrorFlag</name>
         <load_address>0x83278</load_address>
         <run_address>0x83278</run_address>
         <size>0x15</size>
         <input_file_ref idref="fl-1f"/>
      </object_component>
      <object_component id="oc-2ec">
         <name>.text:DCC_disableErrorSignal</name>
         <load_address>0x8328d</load_address>
         <run_address>0x8328d</run_address>
         <size>0x15</size>
         <input_file_ref idref="fl-1f"/>
      </object_component>
      <object_component id="oc-46c">
         <name>.text:DCC_isBaseValid</name>
         <load_address>0x832a2</load_address>
         <run_address>0x832a2</run_address>
         <size>0x15</size>
         <input_file_ref idref="fl-1f"/>
      </object_component>
      <object_component id="oc-16b">
         <name>.text:GPIO_unlockPortConfig</name>
         <load_address>0x832b7</load_address>
         <run_address>0x832b7</run_address>
         <size>0x15</size>
         <input_file_ref idref="fl-6"/>
      </object_component>
      <object_component id="oc-27c">
         <name>.text:LHI_1_init</name>
         <load_address>0x832cc</load_address>
         <run_address>0x832cc</run_address>
         <size>0x15</size>
         <input_file_ref idref="fl-2"/>
      </object_component>
      <object_component id="oc-d1">
         <name>.text:main</name>
         <load_address>0x832e1</load_address>
         <run_address>0x832e1</run_address>
         <size>0x15</size>
         <input_file_ref idref="fl-4"/>
      </object_component>
      <object_component id="oc-361">
         <name>.text:ADC_clearInterruptStatus</name>
         <load_address>0x832f6</load_address>
         <run_address>0x832f6</run_address>
         <size>0x14</size>
         <input_file_ref idref="fl-2"/>
      </object_component>
      <object_component id="oc-3ab">
         <name>.text:CPUTimer_reloadTimerCounter</name>
         <load_address>0x8330a</load_address>
         <run_address>0x8330a</run_address>
         <size>0x14</size>
         <input_file_ref idref="fl-2"/>
      </object_component>
      <object_component id="oc-3a5">
         <name>.text:CPUTimer_stopTimer</name>
         <load_address>0x8331e</load_address>
         <run_address>0x8331e</run_address>
         <size>0x14</size>
         <input_file_ref idref="fl-2"/>
      </object_component>
      <object_component id="oc-2e6">
         <name>.text:DCC_disableModule</name>
         <load_address>0x83332</load_address>
         <run_address>0x83332</run_address>
         <size>0x14</size>
         <input_file_ref idref="fl-1f"/>
      </object_component>
      <object_component id="oc-310">
         <name>.text:DCC_enableModule</name>
         <load_address>0x83346</load_address>
         <run_address>0x83346</run_address>
         <size>0x14</size>
         <input_file_ref idref="fl-1f"/>
      </object_component>
      <object_component id="oc-54a">
         <name>.text:GPIO_isPinValid</name>
         <load_address>0x8335a</load_address>
         <run_address>0x8335a</run_address>
         <size>0x14</size>
         <input_file_ref idref="fl-a"/>
      </object_component>
      <object_component id="oc-4c0">
         <name>.text:GPIO_isPinValid</name>
         <load_address>0x8336e</load_address>
         <run_address>0x8336e</run_address>
         <size>0x14</size>
         <input_file_ref idref="fl-2"/>
      </object_component>
      <object_component id="oc-31f">
         <name>.text:GPIO_isPinValid</name>
         <load_address>0x83382</load_address>
         <run_address>0x83382</run_address>
         <size>0x14</size>
         <input_file_ref idref="fl-1b"/>
      </object_component>
      <object_component id="oc-282">
         <name>.text:PDRST_SHUNT_init</name>
         <load_address>0x83396</load_address>
         <run_address>0x83396</run_address>
         <size>0x14</size>
         <input_file_ref idref="fl-2"/>
      </object_component>
      <object_component id="oc-216">
         <name>.text:SysCtl_setPLLSysClk</name>
         <load_address>0x833aa</load_address>
         <run_address>0x833aa</run_address>
         <size>0x14</size>
         <input_file_ref idref="fl-1f"/>
      </object_component>
      <object_component id="oc-1b1">
         <name>.text:loadPositiveContactorDisable</name>
         <load_address>0x833be</load_address>
         <run_address>0x833be</run_address>
         <size>0x14</size>
         <input_file_ref idref="fl-e"/>
      </object_component>
      <object_component id="oc-1ab">
         <name>.text:preChargeContactorDisable</name>
         <load_address>0x833d2</load_address>
         <run_address>0x833d2</run_address>
         <size>0x14</size>
         <input_file_ref idref="fl-e"/>
      </object_component>
      <object_component id="oc-33d">
         <name>.text:ADC_enableConverter</name>
         <load_address>0x833e6</load_address>
         <run_address>0x833e6</run_address>
         <size>0x13</size>
         <input_file_ref idref="fl-2"/>
      </object_component>
      <object_component id="oc-565">
         <name>.text:ADC_isBaseValid</name>
         <load_address>0x833f9</load_address>
         <run_address>0x833f9</run_address>
         <size>0x13</size>
         <input_file_ref idref="fl-e"/>
      </object_component>
      <object_component id="oc-482">
         <name>.text:ADC_isBaseValid</name>
         <load_address>0x8340c</load_address>
         <run_address>0x8340c</run_address>
         <size>0x13</size>
         <input_file_ref idref="fl-2"/>
      </object_component>
      <object_component id="oc-10b">
         <name>.text:Board_init</name>
         <load_address>0x8341f</load_address>
         <run_address>0x8341f</run_address>
         <size>0x13</size>
         <input_file_ref idref="fl-2"/>
      </object_component>
      <object_component id="oc-38d">
         <name>.text:CPUTimer_setEmulationMode</name>
         <load_address>0x83432</load_address>
         <run_address>0x83432</run_address>
         <size>0x13</size>
         <input_file_ref idref="fl-18"/>
      </object_component>
      <object_component id="oc-3e0">
         <name>.text:I2C_disableLoopback</name>
         <load_address>0x83445</load_address>
         <run_address>0x83445</run_address>
         <size>0x13</size>
         <input_file_ref idref="fl-2"/>
      </object_component>
      <object_component id="oc-3c8">
         <name>.text:I2C_disableModule</name>
         <load_address>0x83458</load_address>
         <run_address>0x83458</run_address>
         <size>0x13</size>
         <input_file_ref idref="fl-2"/>
      </object_component>
      <object_component id="oc-404">
         <name>.text:I2C_enableModule</name>
         <load_address>0x8346b</load_address>
         <run_address>0x8346b</run_address>
         <size>0x13</size>
         <input_file_ref idref="fl-2"/>
      </object_component>
      <object_component id="oc-4c8">
         <name>.text:I2C_isBaseValid</name>
         <load_address>0x8347e</load_address>
         <run_address>0x8347e</run_address>
         <size>0x13</size>
         <input_file_ref idref="fl-2"/>
      </object_component>
      <object_component id="oc-4cf">
         <name>.text:I2C_isBaseValid</name>
         <load_address>0x83491</load_address>
         <run_address>0x83491</run_address>
         <size>0x13</size>
         <input_file_ref idref="fl-1c"/>
      </object_component>
      <object_component id="oc-4e1">
         <name>.text:SPI_isBaseValid</name>
         <load_address>0x834a4</load_address>
         <run_address>0x834a4</run_address>
         <size>0x13</size>
         <input_file_ref idref="fl-2"/>
      </object_component>
      <object_component id="oc-4e8">
         <name>.text:SPI_isBaseValid</name>
         <load_address>0x834b7</load_address>
         <run_address>0x834b7</run_address>
         <size>0x13</size>
         <input_file_ref idref="fl-1e"/>
      </object_component>
      <object_component id="oc-39f">
         <name>.text:CPUTimer_disableInterrupt</name>
         <load_address>0x834ca</load_address>
         <run_address>0x834ca</run_address>
         <size>0x12</size>
         <input_file_ref idref="fl-2"/>
      </object_component>
      <object_component id="oc-3ec">
         <name>.text:I2C_setDataCount</name>
         <load_address>0x834dc</load_address>
         <run_address>0x834dc</run_address>
         <size>0x12</size>
         <input_file_ref idref="fl-2"/>
      </object_component>
      <object_component id="oc-55e">
         <name>.text:SPI_readDataBlockingNonFIFO</name>
         <load_address>0x834ee</load_address>
         <run_address>0x834ee</run_address>
         <size>0x12</size>
         <input_file_ref idref="fl-1e"/>
      </object_component>
      <object_component id="oc-386">
         <name>.text:CAN_startModule</name>
         <load_address>0x83500</load_address>
         <run_address>0x83500</run_address>
         <size>0x11</size>
         <input_file_ref idref="fl-2"/>
      </object_component>
      <object_component id="oc-399">
         <name>.text:CPUTimer_setPeriod</name>
         <load_address>0x83511</load_address>
         <run_address>0x83511</run_address>
         <size>0x11</size>
         <input_file_ref idref="fl-2"/>
      </object_component>
      <object_component id="oc-423">
         <name>.text:SPI_disableLoopback</name>
         <load_address>0x83522</load_address>
         <run_address>0x83522</run_address>
         <size>0x11</size>
         <input_file_ref idref="fl-2"/>
      </object_component>
      <object_component id="oc-40b">
         <name>.text:SPI_disableModule</name>
         <load_address>0x83533</load_address>
         <run_address>0x83533</run_address>
         <size>0x11</size>
         <input_file_ref idref="fl-2"/>
      </object_component>
      <object_component id="oc-573">
         <name>.text:SPI_disableModule</name>
         <load_address>0x83544</load_address>
         <run_address>0x83544</run_address>
         <size>0x11</size>
         <input_file_ref idref="fl-1e"/>
      </object_component>
      <object_component id="oc-42f">
         <name>.text:SPI_enableModule</name>
         <load_address>0x83555</load_address>
         <run_address>0x83555</run_address>
         <size>0x11</size>
         <input_file_ref idref="fl-2"/>
      </object_component>
      <object_component id="oc-579">
         <name>.text:SPI_enableModule</name>
         <load_address>0x83566</load_address>
         <run_address>0x83566</run_address>
         <size>0x11</size>
         <input_file_ref idref="fl-1e"/>
      </object_component>
      <object_component id="oc-4a4">
         <name>.text:CAN_isBaseValid</name>
         <load_address>0x83577</load_address>
         <run_address>0x83577</run_address>
         <size>0x10</size>
         <input_file_ref idref="fl-2"/>
      </object_component>
      <object_component id="oc-493">
         <name>.text:CAN_isBaseValid</name>
         <load_address>0x83587</load_address>
         <run_address>0x83587</run_address>
         <size>0x10</size>
         <input_file_ref idref="fl-17"/>
      </object_component>
      <object_component id="oc-ff">
         <name>.text:Device_initGPIO</name>
         <load_address>0x83597</load_address>
         <run_address>0x83597</run_address>
         <size>0x10</size>
         <input_file_ref idref="fl-6"/>
      </object_component>
      <object_component id="oc-1ca">
         <name>.text:Flash_isCtrlBaseValid</name>
         <load_address>0x835a7</load_address>
         <run_address>0x835a7</run_address>
         <size>0x10</size>
         <input_file_ref idref="fl-1a"/>
      </object_component>
      <object_component id="oc-1d1">
         <name>.text:Flash_isECCBaseValid</name>
         <load_address>0x835b7</load_address>
         <run_address>0x835b7</run_address>
         <size>0x10</size>
         <input_file_ref idref="fl-1a"/>
      </object_component>
      <object_component id="oc-172">
         <name>.text:Interrupt_disableGlobal</name>
         <load_address>0x835c7</load_address>
         <run_address>0x835c7</run_address>
         <size>0xd</size>
         <input_file_ref idref="fl-1d"/>
      </object_component>
      <object_component id="oc-144">
         <name>.text:SysCtl_setLowSpeedClock</name>
         <load_address>0x835d4</load_address>
         <run_address>0x835d4</run_address>
         <size>0xd</size>
         <input_file_ref idref="fl-6"/>
      </object_component>
      <object_component id="oc-8f">
         <name>.text</name>
         <load_address>0x835e1</load_address>
         <run_address>0x835e1</run_address>
         <size>0xc</size>
         <input_file_ref idref="fl-3a"/>
      </object_component>
      <object_component id="oc-20a">
         <name>.text:SysCtl_isMCDClockFailureDetected</name>
         <load_address>0x835ed</load_address>
         <run_address>0x835ed</run_address>
         <size>0xb</size>
         <input_file_ref idref="fl-1f"/>
      </object_component>
      <object_component id="oc-112">
         <name>.text:allContactorDisable</name>
         <load_address>0x835f8</load_address>
         <run_address>0x835f8</run_address>
         <size>0xb</size>
         <input_file_ref idref="fl-e"/>
      </object_component>
      <object_component id="oc-38">
         <name>.text:Interrupt_illegalOperationHandler</name>
         <load_address>0x83603</load_address>
         <run_address>0x83603</run_address>
         <size>0xa</size>
         <input_file_ref idref="fl-1d"/>
      </object_component>
      <object_component id="oc-3e">
         <name>.text:Interrupt_nmiHandler</name>
         <load_address>0x8360d</load_address>
         <run_address>0x8360d</run_address>
         <size>0xa</size>
         <input_file_ref idref="fl-1d"/>
      </object_component>
      <object_component id="oc-17f">
         <name>.text:ASYSCTL_init</name>
         <load_address>0x83617</load_address>
         <run_address>0x83617</run_address>
         <size>0x9</size>
         <input_file_ref idref="fl-2"/>
      </object_component>
      <object_component id="oc-197">
         <name>.text:GPIO_init</name>
         <load_address>0x83620</load_address>
         <run_address>0x83620</run_address>
         <size>0x9</size>
         <input_file_ref idref="fl-2"/>
      </object_component>
      <object_component id="oc-11f">
         <name>.text</name>
         <load_address>0x83629</load_address>
         <run_address>0x83629</run_address>
         <size>0x9</size>
         <input_file_ref idref="fl-39"/>
      </object_component>
      <object_component id="oc-132">
         <name>.text:SysCtl_disableWatchdog</name>
         <load_address>0x83632</load_address>
         <run_address>0x83632</run_address>
         <size>0x8</size>
         <input_file_ref idref="fl-6"/>
      </object_component>
      <object_component id="oc-1a">
         <name>.text:decompress:none</name>
         <load_address>0x8363a</load_address>
         <run_address>0x8363a</run_address>
         <size>0x8</size>
         <input_file_ref idref="fl-36"/>
      </object_component>
      <object_component id="oc-5b">
         <name>.text</name>
         <load_address>0x83642</load_address>
         <run_address>0x83642</run_address>
         <size>0x8</size>
         <input_file_ref idref="fl-7"/>
      </object_component>
      <object_component id="oc-24e">
         <name>.text:ASysCtl_disableTemperatureSensor</name>
         <load_address>0x8364a</load_address>
         <run_address>0x8364a</run_address>
         <size>0x7</size>
         <input_file_ref idref="fl-2"/>
      </object_component>
      <object_component id="oc-163">
         <name>.text:ASysCtl_lockVREG</name>
         <load_address>0x83651</load_address>
         <run_address>0x83651</run_address>
         <size>0x7</size>
         <input_file_ref idref="fl-6"/>
      </object_component>
      <object_component id="oc-462">
         <name>.text:SysCtl_resetMCD</name>
         <load_address>0x83658</load_address>
         <run_address>0x83658</run_address>
         <size>0x7</size>
         <input_file_ref idref="fl-1f"/>
      </object_component>
      <object_component id="oc-151">
         <name>.text:__error__</name>
         <load_address>0x8365f</load_address>
         <run_address>0x8365f</run_address>
         <size>0x7</size>
         <input_file_ref idref="fl-6"/>
      </object_component>
      <object_component id="oc-185">
         <name>.text:ADC_init</name>
         <load_address>0x83666</load_address>
         <run_address>0x83666</run_address>
         <size>0x3</size>
         <input_file_ref idref="fl-2"/>
      </object_component>
      <object_component id="oc-18b">
         <name>.text:CAN_init</name>
         <load_address>0x83669</load_address>
         <run_address>0x83669</run_address>
         <size>0x3</size>
         <input_file_ref idref="fl-2"/>
      </object_component>
      <object_component id="oc-191">
         <name>.text:CPUTIMER_init</name>
         <load_address>0x8366c</load_address>
         <run_address>0x8366c</run_address>
         <size>0x3</size>
         <input_file_ref idref="fl-2"/>
      </object_component>
      <object_component id="oc-19d">
         <name>.text:I2C_init</name>
         <load_address>0x8366f</load_address>
         <run_address>0x8366f</run_address>
         <size>0x3</size>
         <input_file_ref idref="fl-2"/>
      </object_component>
      <object_component id="oc-1a3">
         <name>.text:SPI_init</name>
         <load_address>0x83672</load_address>
         <run_address>0x83672</run_address>
         <size>0x3</size>
         <input_file_ref idref="fl-2"/>
      </object_component>
      <object_component id="oc-88">
         <name>.text</name>
         <load_address>0x83675</load_address>
         <run_address>0x83675</run_address>
         <size>0x2</size>
         <input_file_ref idref="fl-33"/>
      </object_component>
      <object_component id="oc-e4">
         <name>.text</name>
         <load_address>0x83677</load_address>
         <run_address>0x83677</run_address>
         <size>0x1</size>
         <input_file_ref idref="fl-3d"/>
      </object_component>
      <object_component id="oc-5ae">
         <name>.cinit..data.load</name>
         <load_address>0x81758</load_address>
         <run_address>0x81758</run_address>
         <size>0x9</size>
      </object_component>
      <object_component id="oc-5ac">
         <name>__TI_handler_table</name>
         <load_address>0x81762</load_address>
         <run_address>0x81762</run_address>
         <size>0x4</size>
      </object_component>
      <object_component id="oc-5ad">
         <name>__TI_cinit_table</name>
         <load_address>0x81768</load_address>
         <run_address>0x81768</run_address>
         <size>0x4</size>
      </object_component>
      <object_component id="oc-44">
         <name>.stack</name>
         <uninitialized>true</uninitialized>
         <run_address>0x400</run_address>
         <size>0x0</size>
         <input_file_ref idref="fl-2b"/>
      </object_component>
      <object_component id="oc-5af">
         <name>.stack</name>
         <uninitialized>true</uninitialized>
         <run_address>0x400</run_address>
         <size>0x0</size>
      </object_component>
      <object_component id="oc-328">
         <name>.const:.string</name>
         <load_address>0x81000</load_address>
         <run_address>0x81000</run_address>
         <size>0x1b9</size>
         <input_file_ref idref="fl-2"/>
      </object_component>
      <object_component id="oc-1d0">
         <name>.const:.string</name>
         <load_address>0x811ba</load_address>
         <run_address>0x811ba</run_address>
         <size>0x9b</size>
         <input_file_ref idref="fl-1a"/>
      </object_component>
      <object_component id="oc-209">
         <name>.const:.string</name>
         <load_address>0x81256</load_address>
         <run_address>0x81256</run_address>
         <size>0x9a</size>
         <input_file_ref idref="fl-1f"/>
      </object_component>
      <object_component id="oc-31d">
         <name>.const:.string</name>
         <load_address>0x812f0</load_address>
         <run_address>0x812f0</run_address>
         <size>0x98</size>
         <input_file_ref idref="fl-1b"/>
      </object_component>
      <object_component id="oc-499">
         <name>.const:.string</name>
         <load_address>0x81388</load_address>
         <run_address>0x81388</run_address>
         <size>0x97</size>
         <input_file_ref idref="fl-17"/>
      </object_component>
      <object_component id="oc-4ee">
         <name>.const:.string</name>
         <load_address>0x81420</load_address>
         <run_address>0x81420</run_address>
         <size>0x97</size>
         <input_file_ref idref="fl-1e"/>
      </object_component>
      <object_component id="oc-150">
         <name>.const:.string</name>
         <load_address>0x814b8</load_address>
         <run_address>0x814b8</run_address>
         <size>0x53</size>
         <input_file_ref idref="fl-6"/>
      </object_component>
      <object_component id="oc-4b1">
         <name>.const:.string</name>
         <load_address>0x8150c</load_address>
         <run_address>0x8150c</run_address>
         <size>0x50</size>
         <input_file_ref idref="fl-18"/>
      </object_component>
      <object_component id="oc-4d5">
         <name>.const:.string</name>
         <load_address>0x8155c</load_address>
         <run_address>0x8155c</run_address>
         <size>0x4b</size>
         <input_file_ref idref="fl-1c"/>
      </object_component>
      <object_component id="oc-550">
         <name>.const:.string</name>
         <load_address>0x815a8</load_address>
         <run_address>0x815a8</run_address>
         <size>0x3e</size>
         <input_file_ref idref="fl-a"/>
      </object_component>
      <object_component id="oc-56b">
         <name>.const:.string</name>
         <load_address>0x815e6</load_address>
         <run_address>0x815e6</run_address>
         <size>0x3d</size>
         <input_file_ref idref="fl-e"/>
      </object_component>
      <object_component id="oc-455">
         <name>.const</name>
         <load_address>0x81624</load_address>
         <run_address>0x81624</run_address>
         <size>0x8</size>
         <input_file_ref idref="fl-e"/>
      </object_component>
      <object_component id="oc-d9">
         <name>.data</name>
         <load_address>0xa000</load_address>
         <run_address>0xa000</run_address>
         <size>0x6</size>
         <input_file_ref idref="fl-38"/>
      </object_component>
      <object_component id="oc-dc">
         <name>.data:_lock</name>
         <load_address>0xa006</load_address>
         <run_address>0xa006</run_address>
         <size>0x2</size>
         <input_file_ref idref="fl-39"/>
      </object_component>
      <object_component id="oc-1bc">
         <name>.data:_unlock</name>
         <load_address>0xa008</load_address>
         <run_address>0xa008</run_address>
         <size>0x2</size>
         <input_file_ref idref="fl-39"/>
      </object_component>
      <object_component id="oc-138">
         <name>.TI.ramfunc:Flash_initModule</name>
         <load_address>0x81630</load_address>
         <run_address>0xc000</run_address>
         <size>0x3f</size>
         <input_file_ref idref="fl-1a"/>
      </object_component>
      <object_component id="oc-1d7">
         <name>.TI.ramfunc:Flash_setBankPowerMode</name>
         <load_address>0x8166f</load_address>
         <run_address>0xc03f</run_address>
         <size>0x2c</size>
         <input_file_ref idref="fl-1a"/>
      </object_component>
      <object_component id="oc-1ef">
         <name>.TI.ramfunc:Flash_setWaitstates</name>
         <load_address>0x8169b</load_address>
         <run_address>0xc06b</run_address>
         <size>0x23</size>
         <input_file_ref idref="fl-1a"/>
      </object_component>
      <object_component id="oc-1dd">
         <name>.TI.ramfunc:Flash_setPumpPowerMode</name>
         <load_address>0x816be</load_address>
         <run_address>0xc08e</run_address>
         <size>0x1d</size>
         <input_file_ref idref="fl-1a"/>
      </object_component>
      <object_component id="oc-1e3">
         <name>.TI.ramfunc:Flash_disableCache</name>
         <load_address>0x816db</load_address>
         <run_address>0xc0ab</run_address>
         <size>0x18</size>
         <input_file_ref idref="fl-1a"/>
      </object_component>
      <object_component id="oc-1e9">
         <name>.TI.ramfunc:Flash_disablePrefetch</name>
         <load_address>0x816f3</load_address>
         <run_address>0xc0c3</run_address>
         <size>0x18</size>
         <input_file_ref idref="fl-1a"/>
      </object_component>
      <object_component id="oc-1f5">
         <name>.TI.ramfunc:Flash_enableCache</name>
         <load_address>0x8170b</load_address>
         <run_address>0xc0db</run_address>
         <size>0x17</size>
         <input_file_ref idref="fl-1a"/>
      </object_component>
      <object_component id="oc-1fb">
         <name>.TI.ramfunc:Flash_enablePrefetch</name>
         <load_address>0x81722</load_address>
         <run_address>0xc0f2</run_address>
         <size>0x17</size>
         <input_file_ref idref="fl-1a"/>
      </object_component>
      <object_component id="oc-201">
         <name>.TI.ramfunc:Flash_enableECC</name>
         <load_address>0x81739</load_address>
         <run_address>0xc109</run_address>
         <size>0x16</size>
         <input_file_ref idref="fl-1a"/>
      </object_component>
      <object_component id="oc-111">
         <name>.TI.ramfunc</name>
         <load_address>0x8174f</load_address>
         <run_address>0xc11f</run_address>
         <size>0x4</size>
         <input_file_ref idref="fl-1f"/>
      </object_component>
      <object_component id="oc-1aa">
         <name>.debug_types</name>
         <load_address>0x0</load_address>
         <run_address>0x0</run_address>
         <size>0x1b6d</size>
         <input_file_ref idref="fl-2"/>
      </object_component>
      <object_component id="oc-119">
         <name>.debug_types</name>
         <load_address>0x0</load_address>
         <run_address>0x0</run_address>
         <size>0x0</size>
         <input_file_ref idref="fl-4"/>
      </object_component>
      <object_component id="oc-16a">
         <name>.debug_types</name>
         <load_address>0x1b6d</load_address>
         <run_address>0x1b6d</run_address>
         <size>0xa38</size>
         <input_file_ref idref="fl-6"/>
      </object_component>
      <object_component id="oc-449">
         <name>.debug_types</name>
         <load_address>0x25a5</load_address>
         <run_address>0x25a5</run_address>
         <size>0x35</size>
         <input_file_ref idref="fl-a"/>
      </object_component>
      <object_component id="oc-1b8">
         <name>.debug_types</name>
         <load_address>0x0</load_address>
         <run_address>0x0</run_address>
         <size>0x0</size>
         <input_file_ref idref="fl-e"/>
      </object_component>
      <object_component id="oc-481">
         <name>.debug_types</name>
         <load_address>0x25da</load_address>
         <run_address>0x25da</run_address>
         <size>0x17c</size>
         <input_file_ref idref="fl-16"/>
      </object_component>
      <object_component id="oc-4a1">
         <name>.debug_types</name>
         <load_address>0x2756</load_address>
         <run_address>0x2756</run_address>
         <size>0x1a9</size>
         <input_file_ref idref="fl-17"/>
      </object_component>
      <object_component id="oc-4b3">
         <name>.debug_types</name>
         <load_address>0x0</load_address>
         <run_address>0x0</run_address>
         <size>0x0</size>
         <input_file_ref idref="fl-18"/>
      </object_component>
      <object_component id="oc-208">
         <name>.debug_types</name>
         <load_address>0x28ff</load_address>
         <run_address>0x28ff</run_address>
         <size>0x1d7</size>
         <input_file_ref idref="fl-1a"/>
      </object_component>
      <object_component id="oc-31c">
         <name>.debug_types</name>
         <load_address>0x2ad6</load_address>
         <run_address>0x2ad6</run_address>
         <size>0x24d</size>
         <input_file_ref idref="fl-1b"/>
      </object_component>
      <object_component id="oc-4d7">
         <name>.debug_types</name>
         <load_address>0x0</load_address>
         <run_address>0x0</run_address>
         <size>0x0</size>
         <input_file_ref idref="fl-1c"/>
      </object_component>
      <object_component id="oc-62">
         <name>.debug_types</name>
         <load_address>0x0</load_address>
         <run_address>0x0</run_address>
         <size>0x0</size>
         <input_file_ref idref="fl-1d"/>
      </object_component>
      <object_component id="oc-4f0">
         <name>.debug_types</name>
         <load_address>0x2d23</load_address>
         <run_address>0x2d23</run_address>
         <size>0x510</size>
         <input_file_ref idref="fl-1e"/>
      </object_component>
      <object_component id="oc-223">
         <name>.debug_types</name>
         <load_address>0x3233</load_address>
         <run_address>0x3233</run_address>
         <size>0x716</size>
         <input_file_ref idref="fl-1f"/>
      </object_component>
      <object_component id="oc-6a">
         <name>.debug_types</name>
         <load_address>0x3949</load_address>
         <run_address>0x3949</run_address>
         <size>0x142</size>
         <input_file_ref idref="fl-32"/>
      </object_component>
      <object_component id="oc-a0">
         <name>.debug_types</name>
         <load_address>0x0</load_address>
         <run_address>0x0</run_address>
         <size>0x0</size>
         <input_file_ref idref="fl-33"/>
      </object_component>
      <object_component id="oc-eb">
         <name>.debug_types</name>
         <load_address>0x3a8b</load_address>
         <run_address>0x3a8b</run_address>
         <size>0x4bd</size>
         <input_file_ref idref="fl-34"/>
      </object_component>
      <object_component id="oc-4e">
         <name>.debug_types</name>
         <load_address>0x3f48</load_address>
         <run_address>0x3f48</run_address>
         <size>0x194</size>
         <input_file_ref idref="fl-36"/>
      </object_component>
      <object_component id="oc-46">
         <name>.debug_types</name>
         <load_address>0x40dc</load_address>
         <run_address>0x40dc</run_address>
         <size>0x191</size>
         <input_file_ref idref="fl-37"/>
      </object_component>
      <object_component id="oc-e0">
         <name>.debug_types</name>
         <load_address>0x426d</load_address>
         <run_address>0x426d</run_address>
         <size>0xbf</size>
         <input_file_ref idref="fl-38"/>
      </object_component>
      <object_component id="oc-127">
         <name>.debug_types</name>
         <load_address>0x432c</load_address>
         <run_address>0x432c</run_address>
         <size>0x2f</size>
         <input_file_ref idref="fl-39"/>
      </object_component>
      <object_component id="oc-d8">
         <name>.debug_types</name>
         <load_address>0x435b</load_address>
         <run_address>0x435b</run_address>
         <size>0xe1</size>
         <input_file_ref idref="fl-3a"/>
      </object_component>
      <object_component id="oc-12c">
         <name>.debug_types</name>
         <load_address>0x0</load_address>
         <run_address>0x0</run_address>
         <size>0x0</size>
         <input_file_ref idref="fl-3d"/>
      </object_component>
      <object_component id="oc-483">
         <name>.debug_info</name>
         <load_address>0x0</load_address>
         <run_address>0x0</run_address>
         <size>0x167</size>
         <input_file_ref idref="fl-2"/>
      </object_component>
      <object_component id="oc-332">
         <name>.debug_info</name>
         <load_address>0x167</load_address>
         <run_address>0x167</run_address>
         <size>0x1b4</size>
         <input_file_ref idref="fl-2"/>
      </object_component>
      <object_component id="oc-350">
         <name>.debug_info</name>
         <load_address>0x31b</load_address>
         <run_address>0x31b</run_address>
         <size>0x222</size>
         <input_file_ref idref="fl-2"/>
      </object_component>
      <object_component id="oc-356">
         <name>.debug_info</name>
         <load_address>0x53d</load_address>
         <run_address>0x53d</run_address>
         <size>0x200</size>
         <input_file_ref idref="fl-2"/>
      </object_component>
      <object_component id="oc-338">
         <name>.debug_info</name>
         <load_address>0x73d</load_address>
         <run_address>0x73d</run_address>
         <size>0x1c2</size>
         <input_file_ref idref="fl-2"/>
      </object_component>
      <object_component id="oc-33e">
         <name>.debug_info</name>
         <load_address>0x8ff</load_address>
         <run_address>0x8ff</run_address>
         <size>0x18b</size>
         <input_file_ref idref="fl-2"/>
      </object_component>
      <object_component id="oc-362">
         <name>.debug_info</name>
         <load_address>0xa8a</load_address>
         <run_address>0xa8a</run_address>
         <size>0x1c0</size>
         <input_file_ref idref="fl-2"/>
      </object_component>
      <object_component id="oc-344">
         <name>.debug_info</name>
         <load_address>0xc4a</load_address>
         <run_address>0xc4a</run_address>
         <size>0x18d</size>
         <input_file_ref idref="fl-2"/>
      </object_component>
      <object_component id="oc-34a">
         <name>.debug_info</name>
         <load_address>0xdd7</load_address>
         <run_address>0xdd7</run_address>
         <size>0x1b0</size>
         <input_file_ref idref="fl-2"/>
      </object_component>
      <object_component id="oc-36e">
         <name>.debug_info</name>
         <load_address>0xf87</load_address>
         <run_address>0xf87</run_address>
         <size>0x1e2</size>
         <input_file_ref idref="fl-2"/>
      </object_component>
      <object_component id="oc-35c">
         <name>.debug_info</name>
         <load_address>0x1169</load_address>
         <run_address>0x1169</run_address>
         <size>0x224</size>
         <input_file_ref idref="fl-2"/>
      </object_component>
      <object_component id="oc-368">
         <name>.debug_info</name>
         <load_address>0x138d</load_address>
         <run_address>0x138d</run_address>
         <size>0x1ee</size>
         <input_file_ref idref="fl-2"/>
      </object_component>
      <object_component id="oc-24f">
         <name>.debug_info</name>
         <load_address>0x157b</load_address>
         <run_address>0x157b</run_address>
         <size>0x162</size>
         <input_file_ref idref="fl-2"/>
      </object_component>
      <object_component id="oc-255">
         <name>.debug_info</name>
         <load_address>0x16dd</load_address>
         <run_address>0x16dd</run_address>
         <size>0x1a0</size>
         <input_file_ref idref="fl-2"/>
      </object_component>
      <object_component id="oc-25b">
         <name>.debug_info</name>
         <load_address>0x187d</load_address>
         <run_address>0x187d</run_address>
         <size>0x19a</size>
         <input_file_ref idref="fl-2"/>
      </object_component>
      <object_component id="oc-4a5">
         <name>.debug_info</name>
         <load_address>0x1a17</load_address>
         <run_address>0x1a17</run_address>
         <size>0x167</size>
         <input_file_ref idref="fl-2"/>
      </object_component>
      <object_component id="oc-387">
         <name>.debug_info</name>
         <load_address>0x1b7e</load_address>
         <run_address>0x1b7e</run_address>
         <size>0x183</size>
         <input_file_ref idref="fl-2"/>
      </object_component>
      <object_component id="oc-4b5">
         <name>.debug_info</name>
         <load_address>0x1d01</load_address>
         <run_address>0x1d01</run_address>
         <size>0x174</size>
         <input_file_ref idref="fl-2"/>
      </object_component>
      <object_component id="oc-3a0">
         <name>.debug_info</name>
         <load_address>0x1e75</load_address>
         <run_address>0x1e75</run_address>
         <size>0x19f</size>
         <input_file_ref idref="fl-2"/>
      </object_component>
      <object_component id="oc-3ac">
         <name>.debug_info</name>
         <load_address>0x2014</load_address>
         <run_address>0x2014</run_address>
         <size>0x1b8</size>
         <input_file_ref idref="fl-2"/>
      </object_component>
      <object_component id="oc-3a6">
         <name>.debug_info</name>
         <load_address>0x21cc</load_address>
         <run_address>0x21cc</run_address>
         <size>0x1a7</size>
         <input_file_ref idref="fl-2"/>
      </object_component>
      <object_component id="oc-3b2">
         <name>.debug_info</name>
         <load_address>0x2373</load_address>
         <run_address>0x2373</run_address>
         <size>0x1aa</size>
         <input_file_ref idref="fl-2"/>
      </object_component>
      <object_component id="oc-39a">
         <name>.debug_info</name>
         <load_address>0x251d</load_address>
         <run_address>0x251d</run_address>
         <size>0x1ab</size>
         <input_file_ref idref="fl-2"/>
      </object_component>
      <object_component id="oc-394">
         <name>.debug_info</name>
         <load_address>0x26c8</load_address>
         <run_address>0x26c8</run_address>
         <size>0x1c4</size>
         <input_file_ref idref="fl-2"/>
      </object_component>
      <object_component id="oc-4c1">
         <name>.debug_info</name>
         <load_address>0x288c</load_address>
         <run_address>0x288c</run_address>
         <size>0x164</size>
         <input_file_ref idref="fl-2"/>
      </object_component>
      <object_component id="oc-3b9">
         <name>.debug_info</name>
         <load_address>0x29f0</load_address>
         <run_address>0x29f0</run_address>
         <size>0x1bd</size>
         <input_file_ref idref="fl-2"/>
      </object_component>
      <object_component id="oc-4c9">
         <name>.debug_info</name>
         <load_address>0x2bad</load_address>
         <run_address>0x2bad</run_address>
         <size>0x167</size>
         <input_file_ref idref="fl-2"/>
      </object_component>
      <object_component id="oc-405">
         <name>.debug_info</name>
         <load_address>0x2d14</load_address>
         <run_address>0x2d14</run_address>
         <size>0x185</size>
         <input_file_ref idref="fl-2"/>
      </object_component>
      <object_component id="oc-3c9">
         <name>.debug_info</name>
         <load_address>0x2e99</load_address>
         <run_address>0x2e99</run_address>
         <size>0x187</size>
         <input_file_ref idref="fl-2"/>
      </object_component>
      <object_component id="oc-3f9">
         <name>.debug_info</name>
         <load_address>0x3020</load_address>
         <run_address>0x3020</run_address>
         <size>0x181</size>
         <input_file_ref idref="fl-2"/>
      </object_component>
      <object_component id="oc-3db">
         <name>.debug_info</name>
         <load_address>0x31a1</load_address>
         <run_address>0x31a1</run_address>
         <size>0x1c9</size>
         <input_file_ref idref="fl-2"/>
      </object_component>
      <object_component id="oc-3d5">
         <name>.debug_info</name>
         <load_address>0x336a</load_address>
         <run_address>0x336a</run_address>
         <size>0x1a4</size>
         <input_file_ref idref="fl-2"/>
      </object_component>
      <object_component id="oc-3e7">
         <name>.debug_info</name>
         <load_address>0x350e</load_address>
         <run_address>0x350e</run_address>
         <size>0x1a4</size>
         <input_file_ref idref="fl-2"/>
      </object_component>
      <object_component id="oc-3ed">
         <name>.debug_info</name>
         <load_address>0x36b2</load_address>
         <run_address>0x36b2</run_address>
         <size>0x1a8</size>
         <input_file_ref idref="fl-2"/>
      </object_component>
      <object_component id="oc-3f3">
         <name>.debug_info</name>
         <load_address>0x385a</load_address>
         <run_address>0x385a</run_address>
         <size>0x1aa</size>
         <input_file_ref idref="fl-2"/>
      </object_component>
      <object_component id="oc-3ff">
         <name>.debug_info</name>
         <load_address>0x3a04</load_address>
         <run_address>0x3a04</run_address>
         <size>0x1ae</size>
         <input_file_ref idref="fl-2"/>
      </object_component>
      <object_component id="oc-3e1">
         <name>.debug_info</name>
         <load_address>0x3bb2</load_address>
         <run_address>0x3bb2</run_address>
         <size>0x18b</size>
         <input_file_ref idref="fl-2"/>
      </object_component>
      <object_component id="oc-4e2">
         <name>.debug_info</name>
         <load_address>0x3d3d</load_address>
         <run_address>0x3d3d</run_address>
         <size>0x167</size>
         <input_file_ref idref="fl-2"/>
      </object_component>
      <object_component id="oc-430">
         <name>.debug_info</name>
         <load_address>0x3ea4</load_address>
         <run_address>0x3ea4</run_address>
         <size>0x185</size>
         <input_file_ref idref="fl-2"/>
      </object_component>
      <object_component id="oc-40c">
         <name>.debug_info</name>
         <load_address>0x4029</load_address>
         <run_address>0x4029</run_address>
         <size>0x187</size>
         <input_file_ref idref="fl-2"/>
      </object_component>
      <object_component id="oc-41e">
         <name>.debug_info</name>
         <load_address>0x41b0</load_address>
         <run_address>0x41b0</run_address>
         <size>0x183</size>
         <input_file_ref idref="fl-2"/>
      </object_component>
      <object_component id="oc-424">
         <name>.debug_info</name>
         <load_address>0x4333</load_address>
         <run_address>0x4333</run_address>
         <size>0x18b</size>
         <input_file_ref idref="fl-2"/>
      </object_component>
      <object_component id="oc-418">
         <name>.debug_info</name>
         <load_address>0x44be</load_address>
         <run_address>0x44be</run_address>
         <size>0x1be</size>
         <input_file_ref idref="fl-2"/>
      </object_component>
      <object_component id="oc-42a">
         <name>.debug_info</name>
         <load_address>0x467c</load_address>
         <run_address>0x467c</run_address>
         <size>0x1ae</size>
         <input_file_ref idref="fl-2"/>
      </object_component>
      <object_component id="oc-10c">
         <name>.debug_info</name>
         <load_address>0x482a</load_address>
         <run_address>0x482a</run_address>
         <size>0x181</size>
         <input_file_ref idref="fl-2"/>
      </object_component>
      <object_component id="oc-17a">
         <name>.debug_info</name>
         <load_address>0x49ab</load_address>
         <run_address>0x49ab</run_address>
         <size>0x3ac</size>
         <input_file_ref idref="fl-2"/>
      </object_component>
      <object_component id="oc-186">
         <name>.debug_info</name>
         <load_address>0x4d57</load_address>
         <run_address>0x4d57</run_address>
         <size>0x111</size>
         <input_file_ref idref="fl-2"/>
      </object_component>
      <object_component id="oc-262">
         <name>.debug_info</name>
         <load_address>0x4e68</load_address>
         <run_address>0x4e68</run_address>
         <size>0x256</size>
         <input_file_ref idref="fl-2"/>
      </object_component>
      <object_component id="oc-180">
         <name>.debug_info</name>
         <load_address>0x50be</load_address>
         <run_address>0x50be</run_address>
         <size>0x17a</size>
         <input_file_ref idref="fl-2"/>
      </object_component>
      <object_component id="oc-18c">
         <name>.debug_info</name>
         <load_address>0x5238</load_address>
         <run_address>0x5238</run_address>
         <size>0x111</size>
         <input_file_ref idref="fl-2"/>
      </object_component>
      <object_component id="oc-269">
         <name>.debug_info</name>
         <load_address>0x5349</load_address>
         <run_address>0x5349</run_address>
         <size>0x17e</size>
         <input_file_ref idref="fl-2"/>
      </object_component>
      <object_component id="oc-192">
         <name>.debug_info</name>
         <load_address>0x54c7</load_address>
         <run_address>0x54c7</run_address>
         <size>0x122</size>
         <input_file_ref idref="fl-2"/>
      </object_component>
      <object_component id="oc-270">
         <name>.debug_info</name>
         <load_address>0x55e9</load_address>
         <run_address>0x55e9</run_address>
         <size>0x1d5</size>
         <input_file_ref idref="fl-2"/>
      </object_component>
      <object_component id="oc-198">
         <name>.debug_info</name>
         <load_address>0x57be</load_address>
         <run_address>0x57be</run_address>
[...]
         <attributes>RWIX</attributes>
         <usage_details>
         </usage_details>
      </memory_area>
      <memory_area display="yes" color="green">
         <name>FLASH_BANK0_SEC10</name>
         <page_id>0x0</page_id>
         <origin>0x8a000</origin>
         <length>0x1000</length>
         <used_space>0x0</used_space>
         <unused_space>0x1000</unused_space>
         <attributes>RWIX</attributes>
         <usage_details>
         </usage_details>
      </memory_area>
      <memory_area display="yes" color="green">
         <name>FLASH_BANK0_SEC11</name>
         <page_id>0x0</page_id>
         <origin>0x8b000</origin>
         <length>0x1000</length>
         <used_space>0x0</used_space>
         <unused_space>0x1000</unused_space>
         <attributes>RWIX</attributes>
         <usage_details>
         </usage_details>
      </memory_area>
      <memory_area display="yes" color="green">
         <name>FLASH_BANK0_SEC12</name>
         <page_id>0x0</page_id>
         <origin>0x8c000</origin>
         <length>0x1000</length>
         <used_space>0x0</used_space>
         <unused_space>0x1000</unused_space>
         <attributes>RWIX</attributes>
         <usage_details>
         </usage_details>
      </memory_area>
      <memory_area display="yes" color="green">
         <name>FLASH_BANK0_SEC13</name>
         <page_id>0x0</page_id>
         <origin>0x8d000</origin>
         <length>0x1000</length>
         <used_space>0x0</used_space>
         <unused_space>0x1000</unused_space>
         <attributes>RWIX</attributes>
         <usage_details>
         </usage_details>
      </memory_area>
      <memory_area display="yes" color="green">
         <name>FLASH_BANK0_SEC14</name>
         <page_id>0x0</page_id>
         <origin>0x8e000</origin>
         <length>0x1000</length>
         <used_space>0x0</used_space>
         <unused_space>0x1000</unused_space>
         <attributes>RWIX</attributes>
         <usage_details>
         </usage_details>
      </memory_area>
      <memory_area display="yes" color="green">
         <name>FLASH_BANK0_SEC15</name>
         <page_id>0x0</page_id>
         <origin>0x8f000</origin>
         <length>0xff0</length>
         <used_space>0x0</used_space>
         <unused_space>0xff0</unused_space>
         <attributes>RWIX</attributes>
         <usage_details>
         </usage_details>
      </memory_area>
      <memory_area display="yes" color="green">
         <name>BOOTROM</name>
         <page_id>0x0</page_id>
         <origin>0x3f0000</origin>
         <length>0x8000</length>
         <used_space>0x0</used_space>
         <unused_space>0x8000</unused_space>
         <attributes>RWIX</attributes>
         <usage_details>
         </usage_details>
      </memory_area>
      <memory_area display="yes" color="green">
         <name>BOOTROM_EXT</name>
         <page_id>0x0</page_id>
         <origin>0x3f8000</origin>
         <length>0x7fc0</length>
         <used_space>0x0</used_space>
         <unused_space>0x7fc0</unused_space>
         <attributes>RWIX</attributes>
         <usage_details>
         </usage_details>
      </memory_area>
      <memory_area display="no" color="green">
         <name>RESET</name>
         <page_id>0x0</page_id>
         <origin>0x3fffc0</origin>
         <length>0x2</length>
         <used_space>0x0</used_space>
         <unused_space>0x2</unused_space>
         <attributes>RWIX</attributes>
         <usage_details>
         </usage_details>
      </memory_area>
   </placement_map>
   <cptbl_list>
      <cptbl>
         <name>__TI_cinit_table</name>
         <cprec>
            <name>.data</name>
            <load_address>0x81758</load_address>
            <load_size>0x9</load_size>
            <run_address>0xa000</run_address>
            <run_size>0xa</run_size>
            <compression>lzss</compression>
         </cprec>
      </cptbl>
   </cptbl_list>
   <handler_table>
      <handler_table_name>__TI_handler_table</handler_table_name>
      <handler>
         <index>0x0</index>
         <name>__TI_decompress_lzss</name>
      </handler>
      <handler>
         <index>0x1</index>
         <name>__TI_decompress_none</name>
      </handler>
   </handler_table>
   <symbol_table>
      <symbol id="sm-1">
         <name>RamfuncsLoadStart</name>
         <value>0x81630</value>
      </symbol>
      <symbol id="sm-2">
         <name>RamfuncsLoadSize</name>
         <value>0x123</value>
      </symbol>
      <symbol id="sm-3">
         <name>RamfuncsLoadEnd</name>
         <value>0x81753</value>
      </symbol>
      <symbol id="sm-4">
         <name>RamfuncsRunStart</name>
         <value>0xc000</value>
      </symbol>
      <symbol id="sm-5">
         <name>RamfuncsRunSize</name>
         <value>0x123</value>
      </symbol>
      <symbol id="sm-6">
         <name>RamfuncsRunEnd</name>
         <value>0xc123</value>
      </symbol>
      <symbol id="sm-7">
         <name>__TI_CINIT_Base</name>
         <value>0x81768</value>
      </symbol>
      <symbol id="sm-8">
         <name>__TI_CINIT_Limit</name>
         <value>0x8176c</value>
      </symbol>
      <symbol id="sm-9">
         <name>__TI_CINIT_Warm</name>
         <value>0x8176c</value>
      </symbol>
      <symbol id="sm-a">
         <name>__TI_Handler_Table_Base</name>
         <value>0x81762</value>
      </symbol>
      <symbol id="sm-b">
         <name>__TI_Handler_Table_Limit</name>
         <value>0x81766</value>
      </symbol>
      <symbol id="sm-c">
         <name>__TI_STACK_SIZE</name>
         <value>0x200</value>
      </symbol>
      <symbol id="sm-d">
         <name>__TI_STACK_END</name>
         <value>0x600</value>
      </symbol>
      <symbol id="sm-e">
         <name>__TI_pprof_out_hndl</name>
         <value>0xffffffff</value>
      </symbol>
      <symbol id="sm-f">
         <name>__TI_prof_data_start</name>
         <value>0xffffffff</value>
      </symbol>
      <symbol id="sm-10">
         <name>__TI_prof_data_size</name>
         <value>0xffffffff</value>
      </symbol>
      <symbol id="sm-24f">
         <name>I2C_init</name>
         <value>0x8366f</value>
         <object_component_ref idref="oc-19d"/>
      </symbol>
      <symbol id="sm-250">
         <name>BTS71220_chip_select_init</name>
         <value>0x8324e</value>
         <object_component_ref idref="oc-276"/>
      </symbol>
      <symbol id="sm-251">
         <name>PDRST_SHUNT_init</name>
         <value>0x83396</value>
         <object_component_ref idref="oc-282"/>
      </symbol>
      <symbol id="sm-252">
         <name>SPI_init</name>
         <value>0x83672</value>
         <object_component_ref idref="oc-1a3"/>
      </symbol>
      <symbol id="sm-253">
         <name>mySPI0_init</name>
         <value>0x82c63</value>
         <object_component_ref idref="oc-296"/>
      </symbol>
      <symbol id="sm-254">
         <name>PinMux_init</name>
         <value>0x8249e</value>
         <object_component_ref idref="oc-179"/>
      </symbol>
      <symbol id="sm-255">
         <name>Board_init</name>
         <value>0x8341f</value>
         <object_component_ref idref="oc-10b"/>
      </symbol>
      <symbol id="sm-256">
         <name>Aux0_init</name>
         <value>0x83239</value>
         <object_component_ref idref="oc-288"/>
      </symbol>
      <symbol id="sm-257">
         <name>myI2C0_init</name>
         <value>0x829a3</value>
         <object_component_ref idref="oc-28f"/>
      </symbol>
      <symbol id="sm-258">
         <name>LHI_1_init</name>
         <value>0x832cc</value>
         <object_component_ref idref="oc-27c"/>
      </symbol>
      <symbol id="sm-259">
         <name>GPIO_init</name>
         <value>0x83620</value>
         <object_component_ref idref="oc-197"/>
      </symbol>
      <symbol id="sm-25a">
         <name>ADC_init</name>
         <value>0x83666</value>
         <object_component_ref idref="oc-185"/>
      </symbol>
      <symbol id="sm-25b">
         <name>CAN_init</name>
         <value>0x83669</value>
         <object_component_ref idref="oc-18b"/>
      </symbol>
      <symbol id="sm-25c">
         <name>myADC0_init</name>
         <value>0x82806</value>
         <object_component_ref idref="oc-261"/>
      </symbol>
      <symbol id="sm-25d">
         <name>myCAN0_init</name>
         <value>0x82a99</value>
         <object_component_ref idref="oc-268"/>
      </symbol>
      <symbol id="sm-25e">
         <name>CPUTIMER_init</name>
         <value>0x8366c</value>
         <object_component_ref idref="oc-191"/>
      </symbol>
      <symbol id="sm-25f">
         <name>ASYSCTL_init</name>
         <value>0x83617</value>
         <object_component_ref idref="oc-17f"/>
      </symbol>
      <symbol id="sm-260">
         <name>myCPUTIMER0_init</name>
         <value>0x82d33</value>
         <object_component_ref idref="oc-26f"/>
      </symbol>
      <symbol id="sm-26f">
         <name>main</name>
         <value>0x832e1</value>
         <object_component_ref idref="oc-d1"/>
      </symbol>
      <symbol id="sm-2bf">
         <name>Device_enableAllPeripherals</name>
         <value>0x822f9</value>
         <object_component_ref idref="oc-15d"/>
      </symbol>
      <symbol id="sm-2c0">
         <name>Device_initGPIO</name>
         <value>0x83597</value>
         <object_component_ref idref="oc-ff"/>
      </symbol>
      <symbol id="sm-2c1">
         <name>Device_init</name>
         <value>0x827bd</value>
         <object_component_ref idref="oc-f9"/>
      </symbol>
      <symbol id="sm-2c2">
         <name>__error__</name>
         <value>0x8365f</value>
         <object_component_ref idref="oc-151"/>
      </symbol>
      <symbol id="sm-2d1">
         <name>code_start</name>
         <value>0x80000</value>
         <object_component_ref idref="oc-21"/>
      </symbol>
      <symbol id="sm-317">
         <name>BTS71220_writeRegisters</name>
         <value>0x82f13</value>
         <object_component_ref idref="oc-442"/>
      </symbol>
      <symbol id="sm-318">
         <name>BTS71220_readRegisters</name>
         <value>0x82dc0</value>
         <object_component_ref idref="oc-43c"/>
      </symbol>
      <symbol id="sm-319">
         <name>BTS71220_setMultiplexerConfig</name>
         <value>0x82d0e</value>
         <object_component_ref idref="oc-436"/>
      </symbol>
      <symbol id="sm-31a">
         <name>BTS71220_channelOutputConfig</name>
         <value>0x82e21</value>
         <object_component_ref idref="oc-2a0"/>
      </symbol>
      <symbol id="sm-382">
         <name>BTS71220_loadCurrentCheck</name>
         <value>0x82a5d</value>
         <object_component_ref idref="oc-2a6"/>
      </symbol>
      <symbol id="sm-383">
         <name>loadPositiveContactorDisable</name>
         <value>0x833be</value>
         <object_component_ref idref="oc-1b1"/>
      </symbol>
      <symbol id="sm-384">
         <name>allContactorDisable</name>
         <value>0x835f8</value>
         <object_component_ref idref="oc-112"/>
      </symbol>
      <symbol id="sm-385">
         <name>preChargeContactorDisable</name>
         <value>0x833d2</value>
         <object_component_ref idref="oc-1ab"/>
      </symbol>
      <symbol id="sm-386">
         <name>BTS71220_readChannelCurrent</name>
         <value>0x8276d</value>
         <object_component_ref idref="oc-44a"/>
      </symbol>
      <symbol id="sm-396">
         <name>ADC_setOffsetTrimAll</name>
         <value>0x82e01</value>
         <object_component_ref idref="oc-32b"/>
      </symbol>
      <symbol id="sm-3e2">
         <name>CAN_setBitTiming</name>
         <value>0x825f7</value>
         <object_component_ref idref="oc-37a"/>
      </symbol>
      <symbol id="sm-3e3">
         <name>CAN_setupMessageObject</name>
         <value>0x8221e</value>
         <object_component_ref idref="oc-380"/>
      </symbol>
      <symbol id="sm-3e4">
         <name>CAN_initModule</name>
         <value>0x82f2f</value>
         <object_component_ref idref="oc-374"/>
      </symbol>
      <symbol id="sm-3fe">
         <name>CPUTimer_setEmulationMode</name>
         <value>0x83432</value>
         <object_component_ref idref="oc-38d"/>
      </symbol>
      <symbol id="sm-46f">
         <name>Flash_initModule</name>
         <value>0xc000</value>
         <object_component_ref idref="oc-138"/>
      </symbol>
      <symbol id="sm-4b5">
         <name>GPIO_setQualificationMode</name>
         <value>0x82b0b</value>
         <object_component_ref idref="oc-247"/>
      </symbol>
      <symbol id="sm-4b6">
         <name>GPIO_setPadConfig</name>
         <value>0x8271b</value>
         <object_component_ref idref="oc-241"/>
      </symbol>
      <symbol id="sm-4b7">
         <name>GPIO_setAnalogMode</name>
         <value>0x8284e</value>
         <object_component_ref idref="oc-23b"/>
      </symbol>
      <symbol id="sm-4b8">
         <name>GPIO_setDirectionMode</name>
         <value>0x82b78</value>
         <object_component_ref idref="oc-3be"/>
      </symbol>
      <symbol id="sm-4b9">
         <name>GPIO_setPinConfig</name>
         <value>0x82ad4</value>
         <object_component_ref idref="oc-235"/>
      </symbol>
      <symbol id="sm-4db">
         <name>I2C_initController</name>
         <value>0x8265b</value>
         <object_component_ref idref="oc-3ce"/>
      </symbol>
      <symbol id="sm-515">
         <name>Interrupt_defaultHandler</name>
         <value>0x8320e</value>
         <object_component_ref idref="oc-2c"/>
      </symbol>
      <symbol id="sm-516">
         <name>Interrupt_initModule</name>
         <value>0x829e3</value>
         <object_component_ref idref="oc-105"/>
      </symbol>
      <symbol id="sm-517">
         <name>Interrupt_nmiHandler</name>
         <value>0x8360d</value>
         <object_component_ref idref="oc-3e"/>
      </symbol>
      <symbol id="sm-518">
         <name>Interrupt_initVectorTable</name>
         <value>0x82ebb</value>
         <object_component_ref idref="oc-2d"/>
      </symbol>
      <symbol id="sm-519">
         <name>Interrupt_illegalOperationHandler</name>
         <value>0x83603</value>
         <object_component_ref idref="oc-38"/>
      </symbol>
      <symbol id="sm-571">
         <name>SPI_setConfig</name>
         <value>0x826bf</value>
         <object_component_ref idref="oc-411"/>
      </symbol>
      <symbol id="sm-572">
         <name>SPI_pollingNonFIFOTransaction</name>
         <value>0x82bd8</value>
         <object_component_ref idref="oc-4fd"/>
      </symbol>
      <symbol id="sm-684">
         <name>SysCtl_isPLLValid</name>
         <value>0x82120</value>
         <object_component_ref idref="oc-21c"/>
      </symbol>
      <symbol id="sm-685">
         <name>SysCtl_delay</name>
         <value>0xc11f</value>
         <object_component_ref idref="oc-111"/>
      </symbol>
      <symbol id="sm-686">
         <name>SysCtl_selectXTALSingleEnded</name>
         <value>0x82e41</value>
         <object_component_ref idref="oc-2c7"/>
      </symbol>
      <symbol id="sm-687">
         <name>SysCtl_selectXTAL</name>
         <value>0x82a20</value>
         <object_component_ref idref="oc-2c1"/>
      </symbol>
      <symbol id="sm-688">
         <name>SysCtl_selectOscSource</name>
         <value>0x82961</value>
         <object_component_ref idref="oc-210"/>
      </symbol>
      <symbol id="sm-689">
         <name>SysCtl_getLowSpeedClock</name>
         <value>0x8309c</value>
         <object_component_ref idref="oc-157"/>
      </symbol>
      <symbol id="sm-68a">
         <name>SysCtl_setClock</name>
         <value>0x82000</value>
         <object_component_ref idref="oc-13e"/>
      </symbol>
      <symbol id="sm-68b">
         <name>SysCtl_getClock</name>
         <value>0x82592</value>
         <object_component_ref idref="oc-14a"/>
      </symbol>
      <symbol id="sm-695">
         <name>_c_int00</name>
         <value>0x8319f</value>
         <object_component_ref idref="oc-77"/>
      </symbol>
      <symbol id="sm-696">
         <name>__stack</name>
         <value>0x400</value>
         <object_component_ref idref="oc-44"/>
      </symbol>
      <symbol id="sm-6a3">
         <name>__c28xabi_cmpd</name>
         <value>0x82cbb</value>
         <object_component_ref idref="oc-456"/>
      </symbol>
      <symbol id="sm-6b1">
         <name>__c28xabi_mpyd</name>
         <value>0x8241b</value>
         <object_component_ref idref="oc-520"/>
      </symbol>
      <symbol id="sm-6be">
         <name>__c28xabi_divf</name>
         <value>0x82393</value>
         <object_component_ref idref="oc-2cf"/>
      </symbol>
      <symbol id="sm-6ca">
         <name>__c28xabi_ftod</name>
         <value>0x82f67</value>
         <object_component_ref idref="oc-450"/>
      </symbol>
      <symbol id="sm-6d6">
         <name>__c28xabi_dtof</name>
         <value>0x82d7c</value>
         <object_component_ref idref="oc-525"/>
      </symbol>
      <symbol id="sm-6e8">
         <name>memcpy</name>
         <value>0x82ef6</value>
         <object_component_ref idref="oc-47"/>
      </symbol>
      <symbol id="sm-6f5">
         <name>_system_pre_init</name>
         <value>0x83675</value>
         <object_component_ref idref="oc-88"/>
      </symbol>
      <symbol id="sm-704">
         <name>__TI_auto_init_nobinit_nopinit</name>
         <value>0x82c90</value>
         <object_component_ref idref="oc-a1"/>
      </symbol>
      <symbol id="sm-712">
         <name>__TI_decompress_none</name>
         <value>0x8363a</value>
         <object_component_ref idref="oc-1a"/>
      </symbol>
      <symbol id="sm-726">
         <name>__TI_decompress_lzss</name>
         <value>0x82c35</value>
         <object_component_ref idref="oc-14"/>
      </symbol>
      <symbol id="sm-73c">
         <name>C$$EXIT</name>
         <value>0x82ce5</value>
         <object_component_ref idref="oc-95"/>
      </symbol>
      <symbol id="sm-73d">
         <name>abort</name>
         <value>0x82ce5</value>
         <object_component_ref idref="oc-95"/>
      </symbol>
      <symbol id="sm-73e">
         <name>exit</name>
         <value>0x82ce7</value>
         <object_component_ref idref="oc-95"/>
      </symbol>
      <symbol id="sm-73f">
         <name>__TI_dtors_ptr</name>
         <value>0xa004</value>
         <object_component_ref idref="oc-d9"/>
      </symbol>
      <symbol id="sm-740">
         <name>__TI_cleanup_ptr</name>
         <value>0xa002</value>
         <object_component_ref idref="oc-d9"/>
      </symbol>
      <symbol id="sm-741">
         <name>__TI_enable_exit_profile_output</name>
         <value>0xa000</value>
         <object_component_ref idref="oc-d9"/>
      </symbol>
      <symbol id="sm-758">
         <name>_nop</name>
         <value>0x83631</value>
         <object_component_ref idref="oc-11f"/>
      </symbol>
      <symbol id="sm-759">
         <name>_lock</name>
         <value>0xa006</value>
         <object_component_ref idref="oc-dc"/>
      </symbol>
      <symbol id="sm-75a">
         <name>_unlock</name>
         <value>0xa008</value>
         <object_component_ref idref="oc-1bc"/>
      </symbol>
      <symbol id="sm-75b">
         <name>_register_lock</name>
         <value>0x8362d</value>
         <object_component_ref idref="oc-11f"/>
      </symbol>
      <symbol id="sm-75c">
         <name>_register_unlock</name>
         <value>0x83629</value>
         <object_component_ref idref="oc-11f"/>
      </symbol>
      <symbol id="sm-76b">
         <name>_args_main</name>
         <value>0x835e1</value>
         <object_component_ref idref="oc-8f"/>
      </symbol>
      <symbol id="sm-77a">
         <name>_system_post_cinit</name>
         <value>0x83677</value>
         <object_component_ref idref="oc-e4"/>
      </symbol>
      <symbol id="sm-77c">
         <name>__c_args__</name>
         <value>0x0</value>
      </symbol>
   </symbol_table>
   <title>Link successful</title>
</link_info>
